Component: ARM Compiler 5.06 update 7 (build 960) Tool: armlink [4d3601]

==============================================================================

Section Cross References

    main.o(i.main) refers to board.o(i.board_lowlevel_init) for board_lowlevel_init
    main.o(i.main) refers to tasks.o(i.xTaskCreate) for xTaskCreate
    main.o(i.main) refers to tasks.o(i.vTaskStartScheduler) for vTaskStartScheduler
    main.o(i.main) refers to main.o(i.main_init) for main_init
    main.o(i.main_init) refers to board.o(i.board_init) for board_init
    main.o(i.main_init) refers to ui.o(i.ui_init) for ui_init
    main.o(i.main_init) refers to welcome_page.o(i.welcome_page_display) for welcome_page_display
    main.o(i.main_init) refers to esp32c3.o(i.esp32_app_init) for esp32_app_init
    main.o(i.main_init) refers to wifi_page.o(i.wifi_page_display) for wifi_page_display
    main.o(i.main_init) refers to esp32c3.o(i.esp32_wait_wifi_ready) for esp32_wait_wifi_ready
    main.o(i.main_init) refers to main_page.o(i.main_page_display) for main_page_display
    main.o(i.main_init) refers to loop.o(i.main_loop_init) for main_loop_init
    main.o(i.main_init) refers to tasks.o(i.vTaskDelete) for vTaskDelete
    main.o(i.vApplicationMallocFailedHook) refers to printfa.o(i.__0printf) for __2printf
    main.o(i.vApplicationStackOverflowHook) refers to printfa.o(i.__0printf) for __2printf
    main.o(i.vAssertCalled) refers to printfa.o(i.__0printf) for __2printf
    main.o(.data) refers to main.o(.conststring) for .conststring
    board.o(i.board_init) refers to console.o(i.console_init) for console_init
    board.o(i.board_init) refers to printfa.o(i.__0printf) for __2printf
    board.o(i.board_init) refers to delay.o(i.time_delay_init) for time_delay_init
    board.o(i.board_init) refers to rtc.o(i.rtc_init) for rtc_init
    board.o(i.board_init) refers to aht20.o(i.aht20_init) for aht20_init
    board.o(i.board_lowlevel_init) refers to stm32f4xx_rcc.o(i.RCC_AHB1PeriphClockCmd) for RCC_AHB1PeriphClockCmd
    board.o(i.board_lowlevel_init) refers to stm32f4xx_rcc.o(i.RCC_APB2PeriphClockCmd) for RCC_APB2PeriphClockCmd
    board.o(i.board_lowlevel_init) refers to stm32f4xx_rcc.o(i.RCC_APB1PeriphClockCmd) for RCC_APB1PeriphClockCmd
    board.o(i.board_lowlevel_init) refers to stm32f4xx_pwr.o(i.PWR_BackupAccessCmd) for PWR_BackupAccessCmd
    board.o(i.board_lowlevel_init) refers to stm32f4xx_rcc.o(i.RCC_RTCCLKConfig) for RCC_RTCCLKConfig
    board.o(i.fputc) refers to stm32f4xx_usart.o(i.USART_SendData) for USART_SendData
    board.o(i.fputc) refers to stm32f4xx_usart.o(i.USART_GetFlagStatus) for USART_GetFlagStatus
    loop.o(i.inner_update) refers to timers.o(i.xTimerGenericCommand) for xTimerGenericCommand
    loop.o(i.inner_update) refers to aht20.o(i.aht20_start_measurement) for aht20_start_measurement
    loop.o(i.inner_update) refers to printfa.o(i.__0printf) for __2printf
    loop.o(i.inner_update) refers to aht20.o(i.aht20_wait_for_measurement) for aht20_wait_for_measurement
    loop.o(i.inner_update) refers to aht20.o(i.aht20_read_measurement) for aht20_read_measurement
    loop.o(i.inner_update) refers to f2d.o(.text) for __aeabi_f2d
    loop.o(i.inner_update) refers to main_page.o(i.main_page_redraw_inner_temperature) for main_page_redraw_inner_temperature
    loop.o(i.inner_update) refers to main_page.o(i.main_page_redraw_inner_humidity) for main_page_redraw_inner_humidity
    loop.o(i.inner_update) refers to loop.o(.data) for inner_update_handler
    loop.o(i.main_loop_init) refers to timers.o(i.xTimerCreate) for xTimerCreate
    loop.o(i.main_loop_init) refers to tasks.o(i.xTaskCreate) for xTaskCreate
    loop.o(i.main_loop_init) refers to tasks.o(i.xTaskGenericNotify) for xTaskGenericNotify
    loop.o(i.main_loop_init) refers to loop.o(i.mloop_timer_callback) for mloop_timer_callback
    loop.o(i.main_loop_init) refers to loop.o(.data) for time_sync_handler
    loop.o(i.main_loop_init) refers to loop.o(i.main_loop_task) for main_loop_task
    loop.o(i.main_loop_task) refers to tasks.o(i.ulTaskGenericNotifyTake) for ulTaskGenericNotifyTake
    loop.o(i.main_loop_task) refers to loop.o(i.time_sync) for time_sync
    loop.o(i.main_loop_task) refers to loop.o(i.wifi_update) for wifi_update
    loop.o(i.main_loop_task) refers to loop.o(i.time_update) for time_update
    loop.o(i.main_loop_task) refers to loop.o(i.outer_update) for outer_update
    loop.o(i.main_loop_task) refers to loop.o(i.inner_update) for inner_update
    loop.o(i.mloop_timer_callback) refers to timers.o(i.pvTimerGetTimerID) for pvTimerGetTimerID
    loop.o(i.mloop_timer_callback) refers to tasks.o(i.xTaskGenericNotify) for xTaskGenericNotify
    loop.o(i.mloop_timer_callback) refers to loop.o(.data) for main_loop_task_handle
    loop.o(i.outer_update) refers to timers.o(i.xTimerGenericCommand) for xTimerGenericCommand
    loop.o(i.outer_update) refers to memseta.o(.text) for __aeabi_memclr4
[...]
    xActiveTimerList2                        0x20019858   Data          20  timers.o(.bss)
    STACK                                    0x20019870   Section     4096  startup_stm32f40_41xxx.o(STACK)

    Global Symbols

    Symbol Name                              Value     Ov Type        Size  Object(Section)

    BuildAttributes$$THM_ISAv4$E$P$D$K$B$S$7EM$VFPi3$EXTD16$VFPS$VFMA$PE$A:L22UL41UL21$X:L11$S22US41US21$IEEE1$IW$USESV6$~STKCKD$USESV7$~SHL$OTIME$ROPI$IEEEJ$EBA8$MICROLIB$REQ8$PRES8$EABIv2 0x00000000   Number         0  anon$$obj.o ABSOLUTE
    __ARM_use_no_argv                        0x00000000   Number         0  main.o ABSOLUTE
    _printf_a                                0x00000000   Number         0  stubs.o ABSOLUTE
    _printf_c                                0x00000000   Number         0  stubs.o ABSOLUTE
    _printf_charcount                        0x00000000   Number         0  stubs.o ABSOLUTE
    _printf_d                                0x00000000   Number         0  stubs.o ABSOLUTE
    _printf_e                                0x00000000   Number         0  stubs.o ABSOLUTE
    _printf_f                                0x00000000   Number         0  stubs.o ABSOLUTE
    _printf_flags                            0x00000000   Number         0  stubs.o ABSOLUTE
    _printf_fp_dec                           0x00000000   Number         0  stubs.o ABSOLUTE
    _printf_fp_hex                           0x00000000   Number         0  stubs.o ABSOLUTE
    _printf_g                                0x00000000   Number         0  stubs.o ABSOLUTE
    _printf_i                                0x00000000   Number         0  stubs.o ABSOLUTE
    _printf_int_dec                          0x00000000   Number         0  stubs.o ABSOLUTE
    _printf_l                                0x00000000   Number         0  stubs.o ABSOLUTE
    _printf_lc                               0x00000000   Number         0  stubs.o ABSOLUTE
    _printf_ll                               0x00000000   Number         0  stubs.o ABSOLUTE
    _printf_lld                              0x00000000   Number         0  stubs.o ABSOLUTE
    _printf_lli                              0x00000000   Number         0  stubs.o ABSOLUTE
    _printf_llo                              0x00000000   Number         0  stubs.o ABSOLUTE
    _printf_llu                              0x00000000   Number         0  stubs.o ABSOLUTE
    _printf_llx                              0x00000000   Number         0  stubs.o ABSOLUTE
    _printf_longlong_dec                     0x00000000   Number         0  stubs.o ABSOLUTE
    _printf_longlong_hex                     0x00000000   Number         0  stubs.o ABSOLUTE
    _printf_longlong_oct                     0x00000000   Number         0  stubs.o ABSOLUTE
    _printf_ls                               0x00000000   Number         0  stubs.o ABSOLUTE
    _printf_mbtowc                           0x00000000   Number         0  stubs.o ABSOLUTE
    _printf_n                                0x00000000   Number         0  stubs.o ABSOLUTE
    _printf_o                                0x00000000   Number         0  stubs.o ABSOLUTE
    _printf_p                                0x00000000   Number         0  stubs.o ABSOLUTE
    _printf_percent                          0x00000000   Number         0  stubs.o ABSOLUTE
    _printf_pre_padding                      0x00000000   Number         0  stubs.o ABSOLUTE
    _printf_return_value                     0x00000000   Number         0  stubs.o ABSOLUTE
    _printf_s                                0x00000000   Number         0  stubs.o ABSOLUTE
    _printf_sizespec                         0x00000000   Number         0  stubs.o ABSOLUTE
    _printf_str                              0x00000000   Number         0  stubs.o ABSOLUTE
    _printf_truncate_signed                  0x00000000   Number         0  stubs.o ABSOLUTE
    _printf_truncate_unsigned                0x00000000   Number         0  stubs.o ABSOLUTE
    _printf_u                                0x00000000   Number         0  stubs.o ABSOLUTE
    _printf_wc                               0x00000000   Number         0  stubs.o ABSOLUTE
    _printf_wctomb                           0x00000000   Number         0  stubs.o ABSOLUTE
    _printf_widthprec                        0x00000000   Number         0  stubs.o ABSOLUTE
    _printf_x                                0x00000000   Number         0  stubs.o ABSOLUTE
    __arm_fini_                               - Undefined Weak Reference
    __cpp_initialize__aeabi_                  - Undefined Weak Reference
    __cxa_finalize                            - Undefined Weak Reference
    _clock_init                               - Undefined Weak Reference
    _microlib_exit                            - Undefined Weak Reference
    _scanf_longlong                           - Undefined Weak Reference
    __Vectors_Size                           0x00000188   Number         0  startup_stm32f40_41xxx.o ABSOLUTE
    __Vectors                                0x08010000   Data           4  startup_stm32f40_41xxx.o(RESET)
    __Vectors_End                            0x08010188   Data           0  startup_stm32f40_41xxx.o(RESET)
    __main                                   0x08010189   Thumb Code     0  entry.o(.ARM.Collect$$$$00000000)
    _main_stk                                0x08010189   Thumb Code     0  entry2.o(.ARM.Collect$$$$00000001)
    _main_scatterload                        0x0801018d   Thumb Code     0  entry5.o(.ARM.Collect$$$$00000004)
    __main_after_scatterload                 0x08010191   Thumb Code     0  entry5.o(.ARM.Collect$$$$00000004)
    _main_clock                              0x08010191   Thumb Code     0  entry7b.o(.ARM.Collect$$$$00000008)
    _main_cpp_init                           0x08010191   Thumb Code     0  entry8b.o(.ARM.Collect$$$$0000000A)
    _main_init                               0x08010191   Thumb Code     0  entry9a.o(.ARM.Collect$$$$0000000B)
    __rt_lib_shutdown_fini                   0x08010199   Thumb Code     0  entry12b.o(.ARM.Collect$$$$0000000E)
    __rt_final_cpp                           0x0801019d   Thumb Code     0  entry10a.o(.ARM.Collect$$$$0000000F)
    __rt_final_exit                          0x0801019d   Thumb Code     0  entry11a.o(.ARM.Collect$$$$00000011)
    SVC_Handler                              0x080101a1   Thumb Code    28  port.o(.emb_text)
    __asm___6_port_c_39a90d8d__prvStartFirstTask 0x080101c1   Thumb Code    36  port.o(.emb_text)
    __asm___6_port_c_39a90d8d__prvEnableVFP  0x080101e9   Thumb Code    16  port.o(.emb_text)
    PendSV_Handler                           0x080101fd   Thumb Code    88  port.o(.emb_text)
    vPortGetIPSR                             0x08010259   Thumb Code     6  port.o(.emb_text)
    Reset_Handler                            0x08010261   Thumb Code     8  startup_stm32f40_41xxx.o(.text)
    NMI_Handler                              0x08010269   Thumb Code     2  startup_stm32f40_41xxx.o(.text)
    HardFault_Handler                        0x0801026b   Thumb Code     2  startup_stm32f40_41xxx.o(.text)
    MemManage_Handler                        0x0801026d   Thumb Code     2  startup_stm32f40_41xxx.o(.text)
    BusFault_Handler                         0x0801026f   Thumb Code     2  startup_stm32f40_41xxx.o(.text)
    UsageFault_Handler                       0x08010271   Thumb Code     2  startup_stm32f40_41xxx.o(.text)
    DebugMon_Handler                         0x08010275   Thumb Code     2  startup_stm32f40_41xxx.o(.text)
    ADC_IRQHandler                           0x0801027b   Thumb Code     0  startup_stm32f40_41xxx.o(.text)
    CAN1_RX0_IRQHandler                      0x0801027b   Thumb Code     0  startup_stm32f40_41xxx.o(.text)
    CAN1_RX1_IRQHandler                      0x0801027b   Thumb Code     0  startup_stm32f40_41xxx.o(.text)
    CAN1_SCE_IRQHandler                      0x0801027b   Thumb Code     0  startup_stm32f40_41xxx.o(.text)
    CAN1_TX_IRQHandler                       0x0801027b   Thumb Code     0  startup_stm32f40_41xxx.o(.text)
    CAN2_RX0_IRQHandler                      0x0801027b   Thumb Code     0  startup_stm32f40_41xxx.o(.text)
    CAN2_RX1_IRQHandler                      0x0801027b   Thumb Code     0  startup_stm32f40_41xxx.o(.text)
    CAN2_SCE_IRQHandler                      0x0801027b   Thumb Code     0  startup_stm32f40_41xxx.o(.text)
    CAN2_TX_IRQHandler                       0x0801027b   Thumb Code     0  startup_stm32f40_41xxx.o(.text)
    CRYP_IRQHandler                          0x0801027b   Thumb Code     0  startup_stm32f40_41xxx.o(.text)
    DCMI_IRQHandler                          0x0801027b   Thumb Code     0  startup_stm32f40_41xxx.o(.text)
    DMA1_Stream0_IRQHandler                  0x0801027b   Thumb Code     0  startup_stm32f40_41xxx.o(.text)
    DMA1_Stream1_IRQHandler                  0x0801027b   Thumb Code     0  startup_stm32f40_41xxx.o(.text)
    DMA1_Stream2_IRQHandler                  0x0801027b   Thumb Code     0  startup_stm32f40_41xxx.o(.text)
    DMA1_Stream3_IRQHandler                  0x0801027b   Thumb Code     0  startup_stm32f40_41xxx.o(.text)
    DMA1_Stream5_IRQHandler                  0x0801027b   Thumb Code     0  startup_stm32f40_41xxx.o(.text)
    DMA1_Stream6_IRQHandler                  0x0801027b   Thumb Code     0  startup_stm32f40_41xxx.o(.text)
    DMA1_Stream7_IRQHandler                  0x0801027b   Thumb Code     0  startup_stm32f40_41xxx.o(.text)
    DMA2_Stream0_IRQHandler                  0x0801027b   Thumb Code     0  startup_stm32f40_41xxx.o(.text)
    DMA2_Stream1_IRQHandler                  0x0801027b   Thumb Code     0  startup_stm32f40_41xxx.o(.text)
    DMA2_Stream2_IRQHandler                  0x0801027b   Thumb Code     0  startup_stm32f40_41xxx.o(.text)
    DMA2_Stream3_IRQHandler                  0x0801027b   Thumb Code     0  startup_stm32f40_41xxx.o(.text)
    DMA2_Stream4_IRQHandler                  0x0801027b   Thumb Code     0  startup_stm32f40_41xxx.o(.text)
    DMA2_Stream5_IRQHandler                  0x0801027b   Thumb Code     0  startup_stm32f40_41xxx.o(.text)
    DMA2_Stream6_IRQHandler                  0x0801027b   Thumb Code     0  startup_stm32f40_41xxx.o(.text)
    ETH_IRQHandler                           0x0801027b   Thumb Code     0  startup_stm32f40_41xxx.o(.text)
    ETH_WKUP_IRQHandler                      0x0801027b   Thumb Code     0  startup_stm32f40_41xxx.o(.text)
    EXTI0_IRQHandler                         0x0801027b   Thumb Code     0  startup_stm32f40_41xxx.o(.text)
    EXTI15_10_IRQHandler                     0x0801027b   Thumb Code     0  startup_stm32f40_41xxx.o(.text)
    EXTI1_IRQHandler                         0x0801027b   Thumb Code     0  startup_stm32f40_41xxx.o(.text)
    EXTI2_IRQHandler                         0x0801027b   Thumb Code     0  startup_stm32f40_41xxx.o(.text)
    EXTI3_IRQHandler                         0x0801027b   Thumb Code     0  startup_stm32f40_41xxx.o(.text)
    EXTI4_IRQHandler                         0x0801027b   Thumb Code     0  startup_stm32f40_41xxx.o(.text)
    EXTI9_5_IRQHandler                       0x0801027b   Thumb Code     0  startup_stm32f40_41xxx.o(.text)
    FLASH_IRQHandler                         0x0801027b   Thumb Code     0  startup_stm32f40_41xxx.o(.text)
    FPU_IRQHandler                           0x0801027b   Thumb Code     0  startup_stm32f40_41xxx.o(.text)
    FSMC_IRQHandler                          0x0801027b   Thumb Code     0  startup_stm32f40_41xxx.o(.text)
    HASH_RNG_IRQHandler                      0x0801027b   Thumb Code     0  startup_stm32f40_41xxx.o(.text)
    I2C1_ER_IRQHandler                       0x0801027b   Thumb Code     0  startup_stm32f40_41xxx.o(.text)
    I2C1_EV_IRQHandler                       0x0801027b   Thumb Code     0  startup_stm32f40_41xxx.o(.text)
    I2C2_ER_IRQHandler                       0x0801027b   Thumb Code     0  startup_stm32f40_41xxx.o(.text)
    I2C2_EV_IRQHandler                       0x0801027b   Thumb Code     0  startup_stm32f40_41xxx.o(.text)
    I2C3_ER_IRQHandler                       0x0801027b   Thumb Code     0  startup_stm32f40_41xxx.o(.text)
    I2C3_EV_IRQHandler                       0x0801027b   Thumb Code     0  startup_stm32f40_41xxx.o(.text)
    OTG_FS_IRQHandler                        0x0801027b   Thumb Code     0  startup_stm32f40_41xxx.o(.text)
    OTG_FS_WKUP_IRQHandler                   0x0801027b   Thumb Code     0  startup_stm32f40_41xxx.o(.text)
    OTG_HS_EP1_IN_IRQHandler                 0x0801027b   Thumb Code     0  startup_stm32f40_41xxx.o(.text)
    OTG_HS_EP1_OUT_IRQHandler                0x0801027b   Thumb Code     0  startup_stm32f40_41xxx.o(.text)
    OTG_HS_IRQHandler                        0x0801027b   Thumb Code     0  startup_stm32f40_41xxx.o(.text)
    OTG_HS_WKUP_IRQHandler                   0x0801027b   Thumb Code     0  startup_stm32f40_41xxx.o(.text)
    PVD_IRQHandler                           0x0801027b   Thumb Code     0  startup_stm32f40_41xxx.o(.text)
    RCC_IRQHandler                           0x0801027b   Thumb Code     0  startup_stm32f40_41xxx.o(.text)
    RTC_Alarm_IRQHandler                     0x0801027b   Thumb Code     0  startup_stm32f40_41xxx.o(.text)
    RTC_WKUP_IRQHandler                      0x0801027b   Thumb Code     0  startup_stm32f40_41xxx.o(.text)
    SDIO_IRQHandler                          0x0801027b   Thumb Code     0  startup_stm32f40_41xxx.o(.text)
    SPI1_IRQHandler                          0x0801027b   Thumb Code     0  startup_stm32f40_41xxx.o(.text)
    SPI2_IRQHandler                          0x0801027b   Thumb Code     0  startup_stm32f40_41xxx.o(.text)
    SPI3_IRQHandler                          0x0801027b   Thumb Code     0  startup_stm32f40_41xxx.o(.text)
    TAMP_STAMP_IRQHandler                    0x0801027b   Thumb Code     0  startup_stm32f40_41xxx.o(.text)
    TIM1_BRK_TIM9_IRQHandler                 0x0801027b   Thumb Code     0  startup_stm32f40_41xxx.o(.text)
    TIM1_CC_IRQHandler                       0x0801027b   Thumb Code     0  startup_stm32f40_41xxx.o(.text)
    TIM1_TRG_COM_TIM11_IRQHandler            0x0801027b   Thumb Code     0  startup_stm32f40_41xxx.o(.text)
    TIM1_UP_TIM10_IRQHandler                 0x0801027b   Thumb Code     0  startup_stm32f40_41xxx.o(.text)
    TIM2_IRQHandler                          0x0801027b   Thumb Code     0  startup_stm32f40_41xxx.o(.text)
    TIM3_IRQHandler                          0x0801027b   Thumb Code     0  startup_stm32f40_41xxx.o(.text)
    TIM4_IRQHandler                          0x0801027b   Thumb Code     0  startup_stm32f40_41xxx.o(.text)
    TIM5_IRQHandler                          0x0801027b   Thumb Code     0  startup_stm32f40_41xxx.o(.text)
    TIM6_DAC_IRQHandler                      0x0801027b   Thumb Code     0  startup_stm32f40_41xxx.o(.text)
    TIM7_IRQHandler                          0x0801027b   Thumb Code     0  startup_stm32f40_41xxx.o(.text)
    TIM8_BRK_TIM12_IRQHandler                0x0801027b   Thumb Code     0  startup_stm32f40_41xxx.o(.text)
    TIM8_CC_IRQHandler                       0x0801027b   Thumb Code     0  startup_stm32f40_41xxx.o(.text)
    TIM8_TRG_COM_TIM14_IRQHandler            0x0801027b   Thumb Code     0  startup_stm32f40_41xxx.o(.text)
    TIM8_UP_TIM13_IRQHandler                 0x0801027b   Thumb Code     0  startup_stm32f40_41xxx.o(.text)
    UART4_IRQHandler                         0x0801027b   Thumb Code     0  startup_stm32f40_41xxx.o(.text)
    UART5_IRQHandler                         0x0801027b   Thumb Code     0  startup_stm32f40_41xxx.o(.text)
    USART3_IRQHandler                        0x0801027b   Thumb Code     0  startup_stm32f40_41xxx.o(.text)
    USART6_IRQHandler                        0x0801027b   Thumb Code     0  startup_stm32f40_41xxx.o(.text)
    WWDG_IRQHandler                          0x0801027b   Thumb Code     0  startup_stm32f40_41xxx.o(.text)
    __aeabi_memcpy                           0x08010285   Thumb Code    36  memcpya.o(.text)
    __aeabi_memcpy4                          0x08010285   Thumb Code     0  memcpya.o(.text)
    __aeabi_memcpy8                          0x08010285   Thumb Code     0  memcpya.o(.text)
    __aeabi_memset                           0x080102a9   Thumb Code    14  memseta.o(.text)
    __aeabi_memset4                          0x080102a9   Thumb Code     0  memseta.o(.text)
    __aeabi_memset8                          0x080102a9   Thumb Code     0  memseta.o(.text)
    __aeabi_memclr                           0x080102b7   Thumb Code     4  memseta.o(.text)
    __aeabi_memclr4                          0x080102b7   Thumb Code     0  memseta.o(.text)
    __aeabi_memclr8                          0x080102b7   Thumb Code     0  memseta.o(.text)
    memset                                   0x080102bb   Thumb Code    18  memseta.o(.text)
    strstr                                   0x080102cd   Thumb Code    36  strstr.o(.text)
    strncpy                                  0x080102f1   Thumb Code    24  strncpy.o(.text)
    strlen                                   0x08010309   Thumb Code    14  strlen.o(.text)
    strcmp                                   0x08010317   Thumb Code    28  strcmp.o(.text)
    memcmp                                   0x08010333   Thumb Code    26  memcmp.o(.text)
    __0sscanf                                0x0801034d   Thumb Code    48  __0sscanf.o(.text)
    _scanf_int                               0x08010385   Thumb Code   332  _scanf_int.o(.text)
    _scanf_string                            0x080104d1   Thumb Code   224  _scanf_str.o(.text)
    __aeabi_f2d                              0x080105b1   Thumb Code    38  f2d.o(.text)
    __aeabi_d2f                              0x080105d7   Thumb Code    56  d2f.o(.text)
    __aeabi_uidiv                            0x0801060f   Thumb Code     0  uidiv.o(.text)
    __aeabi_uidivmod                         0x0801060f   Thumb Code    44  uidiv.o(.text)
    __aeabi_uldivmod                         0x0801063b   Thumb Code    98  uldiv.o(.text)
    _chval                                   0x0801069d   Thumb Code    28  _chval.o(.text)
    __vfscanf_char                           0x080106c5   Thumb Code    20  scanf_char.o(.text)
    _sgetc                                   0x080106e1   Thumb Code    30  _sgetc.o(.text)
    _sbackspace                              0x080106ff   Thumb Code    34  _sgetc.o(.text)
    __strtod_int                             0x08010757   Thumb Code    90  strtod.o(.text)
    __I$use$fp                               0x080107bd   Thumb Code     0  iusefp.o(.text)
    _float_round                             0x080107bd   Thumb Code    18  fepilogue.o(.text)
    _float_epilogue                          0x080107cf   Thumb Code    92  fepilogue.o(.text)
    __aeabi_dadd                             0x0801082b   Thumb Code   322  dadd.o(.text)
    __aeabi_dsub                             0x0801096d   Thumb Code     6  dadd.o(.text)
    __aeabi_drsub                            0x08010973   Thumb Code     6  dadd.o(.text)
    __aeabi_dmul                             0x08010979   Thumb Code   228  dmul.o(.text)
    __aeabi_ddiv                             0x08010a5d   Thumb Code   222  ddiv.o(.text)
    __aeabi_d2ulz                            0x08010b3b   Thumb Code    48  dfixul.o(.text)
    __aeabi_cdrcmple                         0x08010b6d   Thumb Code    48  cdrcmple.o(.text)
    __scatterload                            0x08010b9d   Thumb Code    28  init.o(.text)
    __scatterload_rt2                        0x08010b9d   Thumb Code     0  init.o(.text)
    __aeabi_llsl                             0x08010bc1   Thumb Code    30  llshl.o(.text)
    _ll_shift_l                              0x08010bc1   Thumb Code     0  llshl.o(.text)
    __aeabi_llsr                             0x08010bdf   Thumb Code    32  llushr.o(.text)
    _ll_ushift_r                             0x08010bdf   Thumb Code     0  llushr.o(.text)
    __aeabi_lasr                             0x08010bff   Thumb Code    36  llsshr.o(.text)
    _ll_sshift_r                             0x08010bff   Thumb Code     0  llsshr.o(.text)
    isspace                                  0x08010c23   Thumb Code    10  isspace_c.o(.text)
    __vfscanf                                0x08010c2d   Thumb Code   810  _scanf.o(.text)
    _scanf_real                              0x08011085   Thumb Code     0  scanf_fp.o(.text)
    _scanf_really_real                       0x08011085   Thumb Code   556  scanf_fp.o(.text)
    _double_round                            0x080112bd   Thumb Code    30  depilogue.o(.text)
    _double_epilogue                         0x080112db   Thumb Code   156  depilogue.o(.text)
    __ctype_lookup                           0x08011379   Thumb Code    34  ctype_c.o(.text)
    __aeabi_ul2d                             0x080113a1   Thumb Code    24  dfltul.o(.text)
    __decompress                             0x080113b9   Thumb Code     0  __dczerorl2.o(.text)
    __decompress1                            0x080113b9   Thumb Code    86  __dczerorl2.o(.text)
    DMA1_Stream4_IRQHandler                  0x08011411   Thumb Code    60  st7789.o(i.DMA1_Stream4_IRQHandler)
    DMA2_Stream7_IRQHandler                  0x08011461   Thumb Code    62  console.o(i.DMA2_Stream7_IRQHandler)
    DMA_ClearFlag                            0x080114b1   Thumb Code    38  stm32f4xx_dma.o(i.DMA_ClearFlag)
    DMA_ClearITPendingBit                    0x080114e5   Thumb Code    38  stm32f4xx_dma.o(i.DMA_ClearITPendingBit)
    DMA_Cmd                                  0x08011519   Thumb Code    22  stm32f4xx_dma.o(i.DMA_Cmd)
    DMA_GetITStatus                          0x08011531   Thumb Code    82  stm32f4xx_dma.o(i.DMA_GetITStatus)
    DMA_ITConfig                             0x08011595   Thumb Code    58  stm32f4xx_dma.o(i.DMA_ITConfig)
    DMA_Init                                 0x080115d1   Thumb Code    82  stm32f4xx_dma.o(i.DMA_Init)
    DMA_StructInit                           0x08011629   Thumb Code    34  stm32f4xx_dma.o(i.DMA_StructInit)
    GPIO_Init                                0x0801164b   Thumb Code   144  stm32f4xx_gpio.o(i.GPIO_Init)
    GPIO_PinAFConfig                         0x080116db   Thumb Code    70  stm32f4xx_gpio.o(i.GPIO_PinAFConfig)
    GPIO_ResetBits                           0x08011721   Thumb Code     6  stm32f4xx_gpio.o(i.GPIO_ResetBits)
    GPIO_SetBits                             0x08011727   Thumb Code     4  stm32f4xx_gpio.o(i.GPIO_SetBits)
    GPIO_StructInit                          0x0801172b   Thumb Code    18  stm32f4xx_gpio.o(i.GPIO_StructInit)
    GPIO_WriteBit                            0x0801173d   Thumb Code    12  stm32f4xx_gpio.o(i.GPIO_WriteBit)
    I2C_AcknowledgeConfig                    0x08011749   Thumb Code    24  stm32f4xx_i2c.o(i.I2C_AcknowledgeConfig)
    I2C_CheckEvent                           0x08011761   Thumb Code    62  stm32f4xx_i2c.o(i.I2C_CheckEvent)
    I2C_GenerateSTART                        0x0801179f   Thumb Code    24  stm32f4xx_i2c.o(i.I2C_GenerateSTART)
    I2C_GenerateSTOP                         0x080117b7   Thumb Code    24  stm32f4xx_i2c.o(i.I2C_GenerateSTOP)
    I2C_Init                                 0x080117d1   Thumb Code   218  stm32f4xx_i2c.o(i.I2C_Init)
    I2C_ReceiveData                          0x080118b9   Thumb Code     8  stm32f4xx_i2c.o(i.I2C_ReceiveData)
    I2C_Send7bitAddress                      0x080118c1   Thumb Code    16  stm32f4xx_i2c.o(i.I2C_Send7bitAddress)
    I2C_SendData                             0x080118d1   Thumb Code     4  stm32f4xx_i2c.o(i.I2C_SendData)
    I2C_StructInit                           0x080118d5   Thumb Code    30  stm32f4xx_i2c.o(i.I2C_StructInit)
    NVIC_Init                                0x080118f5   Thumb Code   106  misc.o(i.NVIC_Init)
    NVIC_PriorityGroupConfig                 0x0801196d   Thumb Code    10  misc.o(i.NVIC_PriorityGroupConfig)
    PWR_BackupAccessCmd                      0x08011981   Thumb Code     6  stm32f4xx_pwr.o(i.PWR_BackupAccessCmd)
    RCC_AHB1PeriphClockCmd                   0x0801198d   Thumb Code    26  stm32f4xx_rcc.o(i.RCC_AHB1PeriphClockCmd)
    RCC_APB1PeriphClockCmd                   0x080119ad   Thumb Code    26  stm32f4xx_rcc.o(i.RCC_APB1PeriphClockCmd)
    RCC_APB2PeriphClockCmd                   0x080119cd   Thumb Code    26  stm32f4xx_rcc.o(i.RCC_APB2PeriphClockCmd)
    RCC_GetClocksFreq                        0x080119ed   Thumb Code   214  stm32f4xx_rcc.o(i.RCC_GetClocksFreq)
    RCC_RTCCLKCmd                            0x08011ad5   Thumb Code     6  stm32f4xx_rcc.o(i.RCC_RTCCLKCmd)
    RCC_RTCCLKConfig                         0x08011ae1   Thumb Code    50  stm32f4xx_rcc.o(i.RCC_RTCCLKConfig)
    RTC_DateStructInit                       0x08011b4f   Thumb Code    14  stm32f4xx_rtc.o(i.RTC_DateStructInit)
    RTC_EnterInitMode                        0x08011b5d   Thumb Code    76  stm32f4xx_rtc.o(i.RTC_EnterInitMode)
    RTC_ExitInitMode                         0x08011bad   Thumb Code    14  stm32f4xx_rtc.o(i.RTC_ExitInitMode)
    RTC_GetDate                              0x08011bc1   Thumb Code    68  stm32f4xx_rtc.o(i.RTC_GetDate)
    RTC_GetTime                              0x08011c0d   Thumb Code    72  stm32f4xx_rtc.o(i.RTC_GetTime)
    RTC_Init                                 0x08011c5d   Thumb Code    94  stm32f4xx_rtc.o(i.RTC_Init)
    RTC_SetDate                              0x08011cc1   Thumb Code   190  stm32f4xx_rtc.o(i.RTC_SetDate)
    RTC_SetTime                              0x08011d89   Thumb Code   198  stm32f4xx_rtc.o(i.RTC_SetTime)
    RTC_StructInit                           0x08011e59   Thumb Code    14  stm32f4xx_rtc.o(i.RTC_StructInit)
    RTC_TimeStructInit                       0x08011e67   Thumb Code    12  stm32f4xx_rtc.o(i.RTC_TimeStructInit)
    RTC_WaitForSynchro                       0x08011e75   Thumb Code    92  stm32f4xx_rtc.o(i.RTC_WaitForSynchro)
    SPI_Cmd                                  0x08011ed5   Thumb Code    24  stm32f4xx_spi.o(i.SPI_Cmd)
    SPI_DataSizeConfig                       0x08011eed   Thumb Code    18  stm32f4xx_spi.o(i.SPI_DataSizeConfig)
    SPI_I2S_DMACmd                           0x08011eff   Thumb Code    18  stm32f4xx_spi.o(i.SPI_I2S_DMACmd)
    SPI_I2S_GetFlagStatus                    0x08011f11   Thumb Code    18  stm32f4xx_spi.o(i.SPI_I2S_GetFlagStatus)
    SPI_I2S_SendData                         0x08011f23   Thumb Code     4  stm32f4xx_spi.o(i.SPI_I2S_SendData)
    SPI_Init                                 0x08011f27   Thumb Code    60  stm32f4xx_spi.o(i.SPI_Init)
    SPI_StructInit                           0x08011f63   Thumb Code    24  stm32f4xx_spi.o(i.SPI_StructInit)
    SysTick_Handler                          0x08012069   Thumb Code    46  port.o(i.SysTick_Handler)
    SystemInit                               0x0801209d   Thumb Code    86  system_stm32f4xx.o(i.SystemInit)
    TIM_ClearFlag                            0x08012109   Thumb Code     6  stm32f4xx_tim.o(i.TIM_ClearFlag)
    TIM_Cmd                                  0x0801210f   Thumb Code    24  stm32f4xx_tim.o(i.TIM_Cmd)
    TIM_GetCounter                           0x08012127   Thumb Code     6  stm32f4xx_tim.o(i.TIM_GetCounter)
    TIM_TimeBaseInit                         0x0801212d   Thumb Code   104  stm32f4xx_tim.o(i.TIM_TimeBaseInit)
    USART1_IRQHandler                        0x080121b1   Thumb Code    50  console.o(i.USART1_IRQHandler)
    USART2_IRQHandler                        0x080121ed   Thumb Code   154  esp_at.o(i.USART2_IRQHandler)
    USART_ClearITPendingBit                  0x080122a5   Thumb Code    30  stm32f4xx_usart.o(i.USART_ClearITPendingBit)
    USART_Cmd                                0x080122c3   Thumb Code    24  stm32f4xx_usart.o(i.USART_Cmd)
    USART_DMACmd                             0x080122db   Thumb Code    18  stm32f4xx_usart.o(i.USART_DMACmd)
    USART_GetFlagStatus                      0x080122ed   Thumb Code    26  stm32f4xx_usart.o(i.USART_GetFlagStatus)
    USART_GetITStatus                        0x08012307   Thumb Code    84  stm32f4xx_usart.o(i.USART_GetITStatus)
    USART_ITConfig                           0x0801235b   Thumb Code    74  stm32f4xx_usart.o(i.USART_ITConfig)
    USART_Init                               0x080123a5   Thumb Code   204  stm32f4xx_usart.o(i.USART_Init)
    USART_ReceiveData                        0x08012479   Thumb Code    10  stm32f4xx_usart.o(i.USART_ReceiveData)
    USART_SendData                           0x08012483   Thumb Code     8  stm32f4xx_usart.o(i.USART_SendData)
    USART_StructInit                         0x0801248b   Thumb Code    24  stm32f4xx_usart.o(i.USART_StructInit)
    __0printf                                0x080124a5   Thumb Code    22  printfa.o(i.__0printf)
    __1printf                                0x080124a5   Thumb Code     0  printfa.o(i.__0printf)
    __2printf                                0x080124a5   Thumb Code     0  printfa.o(i.__0printf)
    __c89printf                              0x080124a5   Thumb Code     0  printfa.o(i.__0printf)
    printf                                   0x080124a5   Thumb Code     0  printfa.o(i.__0printf)
    __0snprintf                              0x080124c5   Thumb Code    48  printfa.o(i.__0snprintf)
    __1snprintf                              0x080124c5   Thumb Code     0  printfa.o(i.__0snprintf)
    __2snprintf                              0x080124c5   Thumb Code     0  printfa.o(i.__0snprintf)
    __c89snprintf                            0x080124c5   Thumb Code     0  printfa.o(i.__0snprintf)
    snprintf                                 0x080124c5   Thumb Code     0  printfa.o(i.__0snprintf)
    __hardfp_atof                            0x080124f9   Thumb Code    44  atof.o(i.__hardfp_atof)
    __read_errno                             0x08012531   Thumb Code     6  errno.o(i.__read_errno)
    __scatterload_copy                       0x0801253d   Thumb Code    14  handlers.o(i.__scatterload_copy)
    __scatterload_null                       0x0801254b   Thumb Code     2  handlers.o(i.__scatterload_null)
    __scatterload_zeroinit                   0x0801254d   Thumb Code    14  handlers.o(i.__scatterload_zeroinit)
    __set_errno                              0x0801255d   Thumb Code     6  errno.o(i.__set_errno)
    _is_digit                                0x080126ed   Thumb Code    14  scanf_fp.o(i._is_digit)
    aht20_init                               0x08012ebd   Thumb Code   184  aht20.o(i.aht20_init)
    aht20_read_measurement                   0x08013085   Thumb Code   138  aht20.o(i.aht20_read_measurement)
    aht20_start_measurement                  0x08013149   Thumb Code    18  aht20.o(i.aht20_start_measurement)
    aht20_wait_for_measurement               0x08013161   Thumb Code    32  aht20.o(i.aht20_wait_for_measurement)
    board_init                               0x08013299   Thumb Code    30  board.o(i.board_init)
    board_lowlevel_init                      0x080132ed   Thumb Code   120  board.o(i.board_lowlevel_init)
    console_init                             0x080133c5   Thumb Code    34  console.o(i.console_init)
    error_page_display                       0x080134b5   Thumb Code    78  error_page.o(i.error_page_display)
    esp32_app_init                           0x08013519   Thumb Code   104  esp32c3.o(i.esp32_app_init)
    esp32_wait_wifi_ready                    0x08013639   Thumb Code    90  esp32c3.o(i.esp32_wait_wifi_ready)
    esp_at_connect_wifi                      0x08013705   Thumb Code    66  esp_at.o(i.esp_at_connect_wifi)
    esp_at_get_response                      0x080137bd   Thumb Code     4  esp_at.o(i.esp_at_get_response)
    esp_at_get_wifi_info                     0x080137c5   Thumb Code    86  esp_at.o(i.esp_at_get_wifi_info)
    esp_at_http_get                          0x08013839   Thumb Code    44  esp_at.o(i.esp_at_http_get)
    esp_at_init                              0x08013889   Thumb Code   102  esp_at.o(i.esp_at_init)
    esp_at_sntp_get_time                     0x08013991   Thumb Code    42  esp_at.o(i.esp_at_sntp_get_time)
    esp_at_sntp_init                         0x080139d1   Thumb Code    22  esp_at.o(i.esp_at_sntp_init)
    esp_at_wait_ready                        0x08013ad9   Thumb Code    22  esp_at.o(i.esp_at_wait_ready)
    esp_at_wifi_init                         0x08013af1   Thumb Code    14  esp_at.o(i.esp_at_wifi_init)
    esp_at_write_command                     0x08013b11   Thumb Code    48  esp_at.o(i.esp_at_write_command)
    fputc                                    0x08013b71   Thumb Code    32  board.o(i.fputc)
    main                                     0x08013d25   Thumb Code    38  main.o(i.main)
    main_loop_init                           0x08013d89   Thumb Code   148  loop.o(i.main_loop_init)
    main_page_display                        0x08013ed9   Thumb Code   280  main_page.o(i.main_page_display)
    main_page_redraw_date                    0x08014029   Thumb Code   128  main_page.o(i.main_page_redraw_date)
    main_page_redraw_inner_humidity          0x080140e5   Thumb Code   102  main_page.o(i.main_page_redraw_inner_humidity)
    main_page_redraw_inner_temperature       0x08014161   Thumb Code   102  main_page.o(i.main_page_redraw_inner_temperature)
    main_page_redraw_outdoor_temperature     0x080141dd   Thumb Code    98  main_page.o(i.main_page_redraw_outdoor_temperature)
    main_page_redraw_outdoor_weather_icon    0x08014255   Thumb Code   154  main_page.o(i.main_page_redraw_outdoor_weather_icon)
    main_page_redraw_time                    0x0801430d   Thumb Code    68  main_page.o(i.main_page_redraw_time)
    main_page_redraw_wifi_ssid               0x08014361   Thumb Code    76  main_page.o(i.main_page_redraw_wifi_ssid)
    parse_seniverse_response                 0x08014691   Thumb Code   246  weather.o(i.parse_seniverse_response)
    pvPortMalloc                             0x08015359   Thumb Code   264  heap_4.o(i.pvPortMalloc)
    pvTaskIncrementMutexHeldCount            0x0801549d   Thumb Code    26  tasks.o(i.pvTaskIncrementMutexHeldCount)
    pvTimerGetTimerID                        0x080154bd   Thumb Code    32  timers.o(i.pvTimerGetTimerID)
    pxPortInitialiseStack                    0x080154fd   Thumb Code    38  port.o(i.pxPortInitialiseStack)
    rtc_get_time                             0x08015529   Thumb Code    42  rtc.o(i.rtc_get_time)
    rtc_init                                 0x08015553   Thumb Code    40  rtc.o(i.rtc_init)
    rtc_set_time                             0x0801557b   Thumb Code    30  rtc.o(i.rtc_set_time)
    st7789_draw_image                        0x080156f9   Thumb Code   160  st7789.o(i.st7789_draw_image)
    st7789_fill_color                        0x08015799   Thumb Code   150  st7789.o(i.st7789_fill_color)
    st7789_init                              0x08015831   Thumb Code    60  st7789.o(i.st7789_init)
    st7789_init_display                      0x0801588d   Thumb Code   322  st7789.o(i.st7789_init_display)
    st7789_set_backlight                     0x08015ae9   Thumb Code    16  st7789.o(i.st7789_set_backlight)
    st7789_write_string                      0x08015d7d   Thumb Code   132  st7789.o(i.st7789_write_string)
    time_delay_init                          0x08015e01   Thumb Code    50  delay.o(i.time_delay_init)
    time_delay_ms                            0x08015e39   Thumb Code    18  delay.o(i.time_delay_ms)
    time_delay_us                            0x08015e4d   Thumb Code    28  delay.o(i.time_delay_us)
    ui_draw_image                            0x08016015   Thumb Code    44  ui.o(i.ui_draw_image)
    ui_fill_color                            0x08016045   Thumb Code    64  ui.o(i.ui_fill_color)
    ui_init                                  0x08016125   Thumb Code    52  ui.o(i.ui_init)
    ui_write_string                          0x08016175   Thumb Code    80  ui.o(i.ui_write_string)
    ulTaskGenericNotifyTake                  0x080161c9   Thumb Code   150  tasks.o(i.ulTaskGenericNotifyTake)
    uxListRemove                             0x08016289   Thumb Code    40  list.o(i.uxListRemove)
    uxTaskGetNumberOfTasks                   0x080162b1   Thumb Code     6  tasks.o(i.uxTaskGetNumberOfTasks)
    vApplicationMallocFailedHook             0x080162bd   Thumb Code    28  main.o(i.vApplicationMallocFailedHook)
    vApplicationStackOverflowHook            0x080162ed   Thumb Code    32  main.o(i.vApplicationStackOverflowHook)
    vAssertCalled                            0x08016329   Thumb Code    36  main.o(i.vAssertCalled)
    vListInitialise                          0x08016371   Thumb Code    26  list.o(i.vListInitialise)
    vListInitialiseItem                      0x0801638b   Thumb Code     6  list.o(i.vListInitialiseItem)
    vListInsert                              0x08016391   Thumb Code    52  list.o(i.vListInsert)
    vListInsertEnd                           0x080163c5   Thumb Code    24  list.o(i.vListInsertEnd)
    vPortEnterCritical                       0x080163dd   Thumb Code    66  port.o(i.vPortEnterCritical)
    vPortExitCritical                        0x08016451   Thumb Code    46  port.o(i.vPortExitCritical)
    vPortFree                                0x080164ad   Thumb Code   108  heap_4.o(i.vPortFree)
    vPortSetupTimerInterrupt                 0x08016549   Thumb Code    36  port.o(i.vPortSetupTimerInterrupt)
    vPortValidateInterruptPriority           0x08016571   Thumb Code    82  port.o(i.vPortValidateInterruptPriority)
    vQueueAddToRegistry                      0x080165f9   Thumb Code    82  queue.o(i.vQueueAddToRegistry)
    vQueueWaitForMessageRestricted           0x08016671   Thumb Code    74  queue.o(i.vQueueWaitForMessageRestricted)
    vTaskDelay                               0x080166bd   Thumb Code    70  tasks.o(i.vTaskDelay)
    vTaskDelete                              0x0801672d   Thumb Code   198  tasks.o(i.vTaskDelete)
    vTaskInternalSetTimeOutState             0x0801683d   Thumb Code    14  tasks.o(i.vTaskInternalSetTimeOutState)
    vTaskMissedYield                         0x08016855   Thumb Code     8  tasks.o(i.vTaskMissedYield)
    vTaskPlaceOnEventList                    0x08016861   Thumb Code    40  tasks.o(i.vTaskPlaceOnEventList)
    vTaskPlaceOnEventListRestricted          0x080168ad   Thumb Code    82  tasks.o(i.vTaskPlaceOnEventListRestricted)
    vTaskPriorityDisinheritAfterTimeout      0x08016925   Thumb Code   244  tasks.o(i.vTaskPriorityDisinheritAfterTimeout)
    vTaskStartScheduler                      0x08016a45   Thumb Code   110  tasks.o(i.vTaskStartScheduler)
    vTaskSuspendAll                          0x08016af5   Thumb Code    12  tasks.o(i.vTaskSuspendAll)
    vTaskSwitchContext                       0x08016b05   Thumb Code   136  tasks.o(i.vTaskSwitchContext)
    welcome_page_display                     0x08016bf9   Thumb Code   100  welcome_page.o(i.welcome_page_display)
    wifi_page_display                        0x08016c81   Thumb Code   134  wifi_page.o(i.wifi_page_display)
    xPortStartScheduler                      0x08016e59   Thumb Code   312  port.o(i.xPortStartScheduler)
    xQueueGenericCreate                      0x08016fd5   Thumb Code    90  queue.o(i.xQueueGenericCreate)
    xQueueGenericReset                       0x08017051   Thumb Code   190  queue.o(i.xQueueGenericReset)
    xQueueGenericSend                        0x08017135   Thumb Code   418  queue.o(i.xQueueGenericSend)
    xQueueGenericSendFromISR                 0x080172fd   Thumb Code   276  queue.o(i.xQueueGenericSendFromISR)
    xQueueGiveFromISR                        0x08017431   Thumb Code   238  queue.o(i.xQueueGiveFromISR)
    xQueueReceive                            0x08017541   Thumb Code   320  queue.o(i.xQueueReceive)
    xQueueSemaphoreTake                      0x080176a5   Thumb Code   362  queue.o(i.xQueueSemaphoreTake)
    xTaskCheckForTimeOut                     0x08017835   Thumb Code   112  tasks.o(i.xTaskCheckForTimeOut)
    xTaskCreate                              0x080178cd   Thumb Code   104  tasks.o(i.xTaskCreate)
    xTaskGenericNotify                       0x08017935   Thumb Code   396  tasks.o(i.xTaskGenericNotify)
    xTaskGetSchedulerState                   0x08017af5   Thumb Code    24  tasks.o(i.xTaskGetSchedulerState)
    xTaskGetTickCount                        0x08017b15   Thumb Code     6  tasks.o(i.xTaskGetTickCount)
    xTaskIncrementTick                       0x08017b21   Thumb Code   386  tasks.o(i.xTaskIncrementTick)
    xTaskPriorityDisinherit                  0x08017cf1   Thumb Code   202  tasks.o(i.xTaskPriorityDisinherit)
    xTaskPriorityInherit                     0x08017de9   Thumb Code   224  tasks.o(i.xTaskPriorityInherit)
    xTaskRemoveFromEventList                 0x08017ed5   Thumb Code   252  tasks.o(i.xTaskRemoveFromEventList)
    xTaskResumeAll                           0x08018009   Thumb Code   326  tasks.o(i.xTaskResumeAll)
    xTimerCreate                             0x08018195   Thumb Code    54  timers.o(i.xTimerCreate)
    xTimerCreateTimerTask                    0x080181cd   Thumb Code    52  timers.o(i.xTimerCreateTimerTask)
    xTimerGenericCommand                     0x08018235   Thumb Code   114  timers.o(i.xTimerGenericCommand)
    font_16_maple                            0x08018acc   Data          16  font16_maple.o(.constdata)
    font_24_maple_bold                       0x08018cc4   Data          16  font24_maple_bold.o(.constdata)
    font_24_maple                            0x0801a17c   Data          16  font24_maple.o(.constdata)
    font_32_maple_bold                       0x0801c03c   Data          16  font32_maple_bold.o(.constdata)
    font_54_maple_medium                     0x0801c9a0   Data          16  font54_maple_medium.o(.constdata)
    font_62_maple_bold                       0x0801d464   Data          16  font62_maple_bold.o(.constdata)
    font_76_maple_bold                       0x0801e654   Data          16  font76_maple_bold.o(.constdata)
    icon_duoyun                              0x0801fd2c   Data           8  icon_duoyun.o(.constdata)
    icon_leizhenyu                           0x080213fc   Data           8  icon_leizhenyu.o(.constdata)
    icon_qing                                0x08022acc   Data           8  icon_qing.o(.constdata)
    icon_wenduji                             0x08023334   Data           8  icon_wenduji.o(.constdata)
    icon_wifi                                0x080237bc   Data           8  icon_wifi.o(.constdata)
    icon_yintian                             0x08024e8c   Data           8  icon_yintian.o(.constdata)
    icon_yueliang                            0x0802655c   Data           8  icon_yueliang.o(.constdata)
    icon_zhongxue                            0x08027c2c   Data           8  icon_zhongxue.o(.constdata)
    icon_zhongyu                             0x080292fc   Data           8  icon_zhongyu.o(.constdata)
    img_error                                0x08035b04   Data           8  img_error.o(.constdata)
    img_meihua                               0x0804582c   Data           8  img_meihua.o(.constdata)
    img_wifi                                 0x08053ed4   Data           8  img_wifi.o(.constdata)
    __ctype_categories                       0x08053f5c   Data          64  ctype_c.o(.constdata)
    Region$$Table$$Base                      0x08054108   Number         0  anon$$obj.o(Region$$Table)
    Region$$Table$$Limit                     0x08054128   Number         0  anon$$obj.o(Region$$Table)
    main_loop_task_handle                    0x20000010   Data           4  loop.o(.data)
    SystemCoreClock                          0x20000088   Data           4  system_stm32f4xx.o(.data)
    AHBPrescTable                            0x2000008c   Data          16  system_stm32f4xx.o(.data)
    pxCurrentTCB                             0x200000d4   Data           4  tasks.o(.data)
    uxTopUsedPriority                        0x2000010c   Data           4  tasks.o(.data)
    __stdout                                 0x20000128   Data           4  stdout.o(.data)
    xQueueRegistry                           0x200196c8   Data          80  queue.o(.bss)
    __initial_sp                             0x2001a870   Data           0  startup_stm32f40_41xxx.o(STACK)



==============================================================================

Memory Map of the image

  Image Entry point : 0x08010189

  Load Region LR_IROM1 (Base: 0x08010000, Size: 0x00044258, Max: 0x00070000, ABSOLUTE, COMPRESSED[0x0004415c])

    Execution Region ER_IROM1 (Exec base: 0x08010000, Load base: 0x08010000, Size: 0x00044128, Max: 0x00070000, ABSOLUTE)

    Exec Addr    Load Addr    Size         Type   Attr      Idx    E Section Name        Object

    0x08010000   0x08010000   0x00000188   Data   RO         1414    RESET               startup_stm32f40_41xxx.o
    0x08010188   0x08010188   0x00000000   Code   RO         7778  * .ARM.Collect$$$$00000000  mc_w.l(entry.o)
    0x08010188   0x08010188   0x00000004   Code   RO         8070    .ARM.Collect$$$$00000001  mc_w.l(entry2.o)
    0x0801018c   0x0801018c   0x00000004   Code   RO         8073    .ARM.Collect$$$$00000004  mc_w.l(entry5.o)
    0x08010190   0x08010190   0x00000000   Code   RO         8075    .ARM.Collect$$$$00000008  mc_w.l(entry7b.o)
    0x08010190   0x08010190   0x00000000   Code   RO         8077    .ARM.Collect$$$$0000000A  mc_w.l(entry8b.o)
    0x08010190   0x08010190   0x00000008   Code   RO         8078    .ARM.Collect$$$$0000000B  mc_w.l(entry9a.o)
    0x08010198   0x08010198   0x00000004   Code   RO         8085    .ARM.Collect$$$$0000000E  mc_w.l(entry12b.o)
    0x0801019c   0x0801019c   0x00000000   Code   RO         8080    .ARM.Collect$$$$0000000F  mc_w.l(entry10a.o)
    0x0801019c   0x0801019c   0x00000000   Code   RO         8082    .ARM.Collect$$$$00000011  mc_w.l(entry11a.o)
    0x0801019c   0x0801019c   0x00000004   Code   RO         8071    .ARM.Collect$$$$00002712  mc_w.l(entry2.o)
    0x080101a0   0x080101a0   0x000000be   Code   RO         6583    .emb_text           port.o
    0x0801025e   0x0801025e   0x00000002   PAD
    0x08010260   0x08010260   0x00000024   Code   RO         1415    .text               startup_stm32f40_41xxx.o
    0x08010284   0x08010284   0x00000024   Code   RO         7781    .text               mc_w.l(memcpya.o)
    0x080102a8   0x080102a8   0x00000024   Code   RO         7785    .text               mc_w.l(memseta.o)
    0x080102cc   0x080102cc   0x00000024   Code   RO         7787    .text               mc_w.l(strstr.o)
    0x080102f0   0x080102f0   0x00000018   Code   RO         7789    .text               mc_w.l(strncpy.o)
    0x08010308   0x08010308   0x0000000e   Code   RO         7791    .text               mc_w.l(strlen.o)
    0x08010316   0x08010316   0x0000001c   Code   RO         7793    .text               mc_w.l(strcmp.o)
    0x08010332   0x08010332   0x0000001a   Code   RO         7795    .text               mc_w.l(memcmp.o)
    0x0801034c   0x0801034c   0x00000038   Code   RO         8060    .text               mc_w.l(__0sscanf.o)
    0x08010384   0x08010384   0x0000014c   Code   RO         8062    .text               mc_w.l(_scanf_int.o)
    0x080104d0   0x080104d0   0x000000e0   Code   RO         8064    .text               mc_w.l(_scanf_str.o)
    0x080105b0   0x080105b0   0x00000026   Code   RO         8066    .text               mf_w.l(f2d.o)
    0x080105d6   0x080105d6   0x00000038   Code   RO         8068    .text               mf_w.l(d2f.o)
    0x0801060e   0x0801060e   0x0000002c   Code   RO         8087    .text               mc_w.l(uidiv.o)
    0x0801063a   0x0801063a   0x00000062   Code   RO         8089    .text               mc_w.l(uldiv.o)
    0x0801069c   0x0801069c   0x0000001c   Code   RO         8098    .text               mc_w.l(_chval.o)
    0x080106b8   0x080106b8   0x00000028   Code   RO         8100    .text               mc_w.l(scanf_char.o)
    0x080106e0   0x080106e0   0x00000040   Code   RO         8102    .text               mc_w.l(_sgetc.o)
    0x08010720   0x08010720   0x0000009c   Code   RO         8104    .text               mc_w.l(strtod.o)
    0x080107bc   0x080107bc   0x00000000   Code   RO         8106    .text               mc_w.l(iusefp.o)
    0x080107bc   0x080107bc   0x0000006e   Code   RO         8107    .text               mf_w.l(fepilogue.o)
    0x0801082a   0x0801082a   0x0000014e   Code   RO         8109    .text               mf_w.l(dadd.o)
    0x08010978   0x08010978   0x000000e4   Code   RO         8111    .text               mf_w.l(dmul.o)
    0x08010a5c   0x08010a5c   0x000000de   Code   RO         8113    .text               mf_w.l(ddiv.o)
    0x08010b3a   0x08010b3a   0x00000030   Code   RO         8115    .text               mf_w.l(dfixul.o)
    0x08010b6a   0x08010b6a   0x00000002   PAD
    0x08010b6c   0x08010b6c   0x00000030   Code   RO         8117    .text               mf_w.l(cdrcmple.o)
    0x08010b9c   0x08010b9c   0x00000024   Code   RO         8119    .text               mc_w.l(init.o)
    0x08010bc0   0x08010bc0   0x0000001e   Code   RO         8121    .text               mc_w.l(llshl.o)
    0x08010bde   0x08010bde   0x00000020   Code   RO         8123    .text               mc_w.l(llushr.o)
    0x08010bfe   0x08010bfe   0x00000024   Code   RO         8125    .text               mc_w.l(llsshr.o)
    0x08010c22   0x08010c22   0x0000000a   Code   RO         8127    .text               mc_w.l(isspace_c.o)
    0x08010c2c   0x08010c2c   0x00000330   Code   RO         8129    .text               mc_w.l(_scanf.o)
    0x08010f5c   0x08010f5c   0x00000360   Code   RO         8131    .text               mc_w.l(scanf_fp.o)
    0x080112bc   0x080112bc   0x000000ba   Code   RO         8135    .text               mf_w.l(depilogue.o)
    0x08011376   0x08011376   0x00000002   PAD
    0x08011378   0x08011378   0x00000028   Code   RO         8137    .text               mc_w.l(ctype_c.o)
    0x080113a0   0x080113a0   0x00000018   Code   RO         8140    .text               mf_w.l(dfltul.o)
    0x080113b8   0x080113b8   0x00000056   Code   RO         8150    .text               mc_w.l(__dczerorl2.o)
    0x0801140e   0x0801140e   0x00000002   PAD
    0x08011410   0x08011410   0x00000050   Code   RO         1238    i.DMA1_Stream4_IRQHandler  st7789.o
    0x08011460   0x08011460   0x00000050   Code   RO          878    i.DMA2_Stream7_IRQHandler  console.o
    0x080114b0   0x080114b0   0x00000034   Code   RO         2536    i.DMA_ClearFlag     stm32f4xx_dma.o
    0x080114e4   0x080114e4   0x00000034   Code   RO         2537    i.DMA_ClearITPendingBit  stm32f4xx_dma.o
    0x08011518   0x08011518   0x00000016   Code   RO         2538    i.DMA_Cmd           stm32f4xx_dma.o
    0x0801152e   0x0801152e   0x00000002   PAD
    0x08011530   0x08011530   0x00000064   Code   RO         2548    i.DMA_GetITStatus   stm32f4xx_dma.o
    0x08011594   0x08011594   0x0000003a   Code   RO         2549    i.DMA_ITConfig      stm32f4xx_dma.o
    0x080115ce   0x080115ce   0x00000002   PAD
    0x080115d0   0x080115d0   0x00000058   Code   RO         2550    i.DMA_Init          stm32f4xx_dma.o
    0x08011628   0x08011628   0x00000022   Code   RO         2554    i.DMA_StructInit    stm32f4xx_dma.o
    0x0801164a   0x0801164a   0x00000090   Code   RO         3338    i.GPIO_Init         stm32f4xx_gpio.o
    0x080116da   0x080116da   0x00000046   Code   RO         3339    i.GPIO_PinAFConfig  stm32f4xx_gpio.o
    0x08011720   0x08011720   0x00000006   Code   RO         3345    i.GPIO_ResetBits    stm32f4xx_gpio.o
    0x08011726   0x08011726   0x00000004   Code   RO         3346    i.GPIO_SetBits      stm32f4xx_gpio.o
    0x0801172a   0x0801172a   0x00000012   Code   RO         3347    i.GPIO_StructInit   stm32f4xx_gpio.o
    0x0801173c   0x0801173c   0x0000000c   Code   RO         3350    i.GPIO_WriteBit     stm32f4xx_gpio.o
    0x08011748   0x08011748   0x00000018   Code   RO         3626    i.I2C_AcknowledgeConfig  stm32f4xx_i2c.o
    0x08011760   0x08011760   0x0000003e   Code   RO         3629    i.I2C_CheckEvent    stm32f4xx_i2c.o
    0x0801179e   0x0801179e   0x00000018   Code   RO         3640    i.I2C_GenerateSTART  stm32f4xx_i2c.o
    0x080117b6   0x080117b6   0x00000018   Code   RO         3641    i.I2C_GenerateSTOP  stm32f4xx_i2c.o
    0x080117ce   0x080117ce   0x00000002   PAD
    0x080117d0   0x080117d0   0x000000e8   Code   RO         3647    i.I2C_Init          stm32f4xx_i2c.o
    0x080118b8   0x080118b8   0x00000008   Code   RO         3652    i.I2C_ReceiveData   stm32f4xx_i2c.o
    0x080118c0   0x080118c0   0x00000010   Code   RO         3654    i.I2C_Send7bitAddress  stm32f4xx_i2c.o
    0x080118d0   0x080118d0   0x00000004   Code   RO         3655    i.I2C_SendData      stm32f4xx_i2c.o
    0x080118d4   0x080118d4   0x0000001e   Code   RO         3658    i.I2C_StructInit    stm32f4xx_i2c.o
    0x080118f2   0x080118f2   0x00000002   PAD
    0x080118f4   0x080118f4   0x00000078   Code   RO         1463    i.NVIC_Init         misc.o
    0x0801196c   0x0801196c   0x00000014   Code   RO         1464    i.NVIC_PriorityGroupConfig  misc.o
    0x08011980   0x08011980   0x0000000c   Code   RO         4129    i.PWR_BackupAccessCmd  stm32f4xx_pwr.o
    0x0801198c   0x0801198c   0x00000020   Code   RO         4264    i.RCC_AHB1PeriphClockCmd  stm32f4xx_rcc.o
    0x080119ac   0x080119ac   0x00000020   Code   RO         4273    i.RCC_APB1PeriphClockCmd  stm32f4xx_rcc.o
    0x080119cc   0x080119cc   0x00000020   Code   RO         4276    i.RCC_APB2PeriphClockCmd  stm32f4xx_rcc.o
    0x080119ec   0x080119ec   0x000000e8   Code   RO         4285    i.RCC_GetClocksFreq  stm32f4xx_rcc.o
    0x08011ad4   0x08011ad4   0x0000000c   Code   RO         4308    i.RCC_RTCCLKCmd     stm32f4xx_rcc.o
    0x08011ae0   0x08011ae0   0x0000003c   Code   RO         4309    i.RCC_RTCCLKConfig  stm32f4xx_rcc.o
    0x08011b1c   0x08011b1c   0x00000016   Code   RO         4671    i.RTC_Bcd2ToByte    stm32f4xx_rtc.o
    0x08011b32   0x08011b32   0x0000001c   Code   RO         4673    i.RTC_ByteToBcd2    stm32f4xx_rtc.o
    0x08011b4e   0x08011b4e   0x0000000e   Code   RO         4680    i.RTC_DateStructInit  stm32f4xx_rtc.o
    0x08011b5c   0x08011b5c   0x00000050   Code   RO         4683    i.RTC_EnterInitMode  stm32f4xx_rtc.o
    0x08011bac   0x08011bac   0x00000014   Code   RO         4684    i.RTC_ExitInitMode  stm32f4xx_rtc.o
    0x08011bc0   0x08011bc0   0x0000004c   Code   RO         4687    i.RTC_GetDate       stm32f4xx_rtc.o
    0x08011c0c   0x08011c0c   0x00000050   Code   RO         4692    i.RTC_GetTime       stm32f4xx_rtc.o
    0x08011c5c   0x08011c5c   0x00000064   Code   RO         4697    i.RTC_Init          stm32f4xx_rtc.o
    0x08011cc0   0x08011cc0   0x000000c8   Code   RO         4703    i.RTC_SetDate       stm32f4xx_rtc.o
    0x08011d88   0x08011d88   0x000000d0   Code   RO         4704    i.RTC_SetTime       stm32f4xx_rtc.o
    0x08011e58   0x08011e58   0x0000000e   Code   RO         4707    i.RTC_StructInit    stm32f4xx_rtc.o
    0x08011e66   0x08011e66   0x0000000c   Code   RO         4719    i.RTC_TimeStructInit  stm32f4xx_rtc.o
    0x08011e72   0x08011e72   0x00000002   PAD
    0x08011e74   0x08011e74   0x00000060   Code   RO         4720    i.RTC_WaitForSynchro  stm32f4xx_rtc.o
    0x08011ed4   0x08011ed4   0x00000018   Code   RO         5422    i.SPI_Cmd           stm32f4xx_spi.o
    0x08011eec   0x08011eec   0x00000012   Code   RO         5423    i.SPI_DataSizeConfig  stm32f4xx_spi.o
    0x08011efe   0x08011efe   0x00000012   Code   RO         5428    i.SPI_I2S_DMACmd    stm32f4xx_spi.o
    0x08011f10   0x08011f10   0x00000012   Code   RO         5430    i.SPI_I2S_GetFlagStatus  stm32f4xx_spi.o
    0x08011f22   0x08011f22   0x00000004   Code   RO         5434    i.SPI_I2S_SendData  stm32f4xx_spi.o
    0x08011f26   0x08011f26   0x0000003c   Code   RO         5435    i.SPI_Init          stm32f4xx_spi.o
    0x08011f62   0x08011f62   0x00000018   Code   RO         5438    i.SPI_StructInit    stm32f4xx_spi.o
    0x08011f7a   0x08011f7a   0x00000002   PAD
    0x08011f7c   0x08011f7c   0x000000ec   Code   RO         1422    i.SetSysClock       system_stm32f4xx.o
    0x08012068   0x08012068   0x00000034   Code   RO         6584    i.SysTick_Handler   port.o
    0x0801209c   0x0801209c   0x0000006c   Code   RO         1424    i.SystemInit        system_stm32f4xx.o
    0x08012108   0x08012108   0x00000006   Code   RO         5654    i.TIM_ClearFlag     stm32f4xx_tim.o
    0x0801210e   0x0801210e   0x00000018   Code   RO         5660    i.TIM_Cmd           stm32f4xx_tim.o
    0x08012126   0x08012126   0x00000006   Code   RO         5679    i.TIM_GetCounter    stm32f4xx_tim.o
    0x0801212c   0x0801212c   0x00000084   Code   RO         5732    i.TIM_TimeBaseInit  stm32f4xx_tim.o
    0x080121b0   0x080121b0   0x0000003c   Code   RO          879    i.USART1_IRQHandler  console.o
    0x080121ec   0x080121ec   0x000000b8   Code   RO         1076    i.USART2_IRQHandler  esp_at.o
    0x080122a4   0x080122a4   0x0000001e   Code   RO         6211    i.USART_ClearITPendingBit  stm32f4xx_usart.o
    0x080122c2   0x080122c2   0x00000018   Code   RO         6214    i.USART_Cmd         stm32f4xx_usart.o
    0x080122da   0x080122da   0x00000012   Code   RO         6215    i.USART_DMACmd      stm32f4xx_usart.o
    0x080122ec   0x080122ec   0x0000001a   Code   RO         6217    i.USART_GetFlagStatus  stm32f4xx_usart.o
    0x08012306   0x08012306   0x00000054   Code   RO         6218    i.USART_GetITStatus  stm32f4xx_usart.o
    0x0801235a   0x0801235a   0x0000004a   Code   RO         6220    i.USART_ITConfig    stm32f4xx_usart.o
    0x080123a4   0x080123a4   0x000000d4   Code   RO         6221    i.USART_Init        stm32f4xx_usart.o
    0x08012478   0x08012478   0x0000000a   Code   RO         6228    i.USART_ReceiveData  stm32f4xx_usart.o
    0x08012482   0x08012482   0x00000008   Code   RO         6231    i.USART_SendData    stm32f4xx_usart.o
    0x0801248a   0x0801248a   0x00000018   Code   RO         6237    i.USART_StructInit  stm32f4xx_usart.o
    0x080124a2   0x080124a2   0x00000002   PAD
    0x080124a4   0x080124a4   0x00000020   Code   RO         8032    i.__0printf         mc_w.l(printfa.o)
    0x080124c4   0x080124c4   0x00000034   Code   RO         8033    i.__0snprintf       mc_w.l(printfa.o)
    0x080124f8   0x080124f8   0x00000038   Code   RO         7772    i.__hardfp_atof     m_wm.l(atof.o)
    0x08012530   0x08012530   0x0000000c   Code   RO         8092    i.__read_errno      mc_w.l(errno.o)
    0x0801253c   0x0801253c   0x0000000e   Code   RO         8144    i.__scatterload_copy  mc_w.l(handlers.o)
    0x0801254a   0x0801254a   0x00000002   Code   RO         8145    i.__scatterload_null  mc_w.l(handlers.o)
    0x0801254c   0x0801254c   0x0000000e   Code   RO         8146    i.__scatterload_zeroinit  mc_w.l(handlers.o)
    0x0801255a   0x0801255a   0x00000002   PAD
    0x0801255c   0x0801255c   0x0000000c   Code   RO         8093    i.__set_errno       mc_w.l(errno.o)
    0x08012568   0x08012568   0x00000184   Code   RO         8039    i._fp_digits        mc_w.l(printfa.o)
    0x080126ec   0x080126ec   0x0000000e   Code   RO         8133    i._is_digit         mc_w.l(scanf_fp.o)
    0x080126fa   0x080126fa   0x00000002   PAD
    0x080126fc   0x080126fc   0x000006b4   Code   RO         8040    i._printf_core      mc_w.l(printfa.o)
    0x08012db0   0x08012db0   0x00000024   Code   RO         8041    i._printf_post_padding  mc_w.l(printfa.o)
    0x08012dd4   0x08012dd4   0x0000002e   Code   RO         8042    i._printf_pre_padding  mc_w.l(printfa.o)
    0x08012e02   0x08012e02   0x00000050   Code   RO          963    i._rtc_get_time_once  rtc.o
    0x08012e52   0x08012e52   0x00000052   Code   RO          964    i._rtc_set_time_once  rtc.o
    0x08012ea4   0x08012ea4   0x00000016   Code   RO         8043    i._snputc           mc_w.l(printfa.o)
    0x08012eba   0x08012eba   0x00000002   PAD
    0x08012ebc   0x08012ebc   0x000000c8   Code   RO         1009    i.aht20_init        aht20.o
    0x08012f84   0x08012f84   0x00000016   Code   RO         1010    i.aht20_is_busy     aht20.o
    0x08012f9a   0x08012f9a   0x00000018   Code   RO         1011    i.aht20_is_ready    aht20.o
    0x08012fb2   0x08012fb2   0x00000002   PAD
    0x08012fb4   0x08012fb4   0x000000d0   Code   RO         1012    i.aht20_read        aht20.o
    0x08013084   0x08013084   0x0000009c   Code   RO         1013    i.aht20_read_measurement  aht20.o
    0x08013120   0x08013120   0x00000028   Code   RO         1014    i.aht20_read_status  aht20.o
    0x08013148   0x08013148   0x00000018   Code   RO         1015    i.aht20_start_measurement  aht20.o
    0x08013160   0x08013160   0x00000020   Code   RO         1016    i.aht20_wait_for_measurement  aht20.o
    0x08013180   0x08013180   0x000000c4   Code   RO         1017    i.aht20_write       aht20.o
    0x08013244   0x08013244   0x00000052   Code   RO         1239    i.ascii_get_fmodel  st7789.o
    0x08013296   0x08013296   0x00000002   PAD
    0x08013298   0x08013298   0x00000054   Code   RO          218    i.board_init        board.o
    0x080132ec   0x080132ec   0x0000007c   Code   RO          219    i.board_lowlevel_init  board.o
    0x08013368   0x08013368   0x0000005c   Code   RO          880    i.console_dma_init  console.o
    0x080133c4   0x080133c4   0x00000028   Code   RO          881    i.console_init      console.o
    0x080133ec   0x080133ec   0x00000036   Code   RO          882    i.console_int_init  console.o
    0x08013422   0x08013422   0x00000002   PAD
    0x08013424   0x08013424   0x0000003c   Code   RO          883    i.console_io_init   console.o
    0x08013460   0x08013460   0x00000054   Code   RO          885    i.console_usart_init  console.o
    0x080134b4   0x080134b4   0x00000064   Code   RO          770    i.error_page_display  error_page.o
    0x08013518   0x08013518   0x00000120   Code   RO          374    i.esp32_app_init    esp32c3.o
    0x08013638   0x08013638   0x000000cc   Code   RO          375    i.esp32_wait_wifi_ready  esp32c3.o
    0x08013704   0x08013704   0x00000064   Code   RO         1077    i.esp_at_connect_wifi  esp_at.o
    0x08013768   0x08013768   0x00000054   Code   RO         1078    i.esp_at_dma_init   esp_at.o
    0x080137bc   0x080137bc   0x00000008   Code   RO         1079    i.esp_at_get_response  esp_at.o
    0x080137c4   0x080137c4   0x00000074   Code   RO         1080    i.esp_at_get_wifi_info  esp_at.o
    0x08013838   0x08013838   0x00000050   Code   RO         1081    i.esp_at_http_get   esp_at.o
    0x08013888   0x08013888   0x000000a0   Code   RO         1082    i.esp_at_init       esp_at.o
    0x08013928   0x08013928   0x0000002a   Code   RO         1083    i.esp_at_int_init   esp_at.o
    0x08013952   0x08013952   0x00000002   PAD
    0x08013954   0x08013954   0x0000003c   Code   RO         1084    i.esp_at_io_init    esp_at.o
    0x08013990   0x08013990   0x00000040   Code   RO         1085    i.esp_at_sntp_get_time  esp_at.o
    0x080139d0   0x080139d0   0x0000002c   Code   RO         1086    i.esp_at_sntp_init  esp_at.o
    0x080139fc   0x080139fc   0x00000054   Code   RO         1087    i.esp_at_usart_init  esp_at.o
    0x08013a50   0x08013a50   0x0000004c   Code   RO         1088    i.esp_at_usart_wait_receive  esp_at.o
    0x08013a9c   0x08013a9c   0x0000003c   Code   RO         1089    i.esp_at_usart_write  esp_at.o
    0x08013ad8   0x08013ad8   0x00000016   Code   RO         1090    i.esp_at_wait_ready  esp_at.o
    0x08013aee   0x08013aee   0x00000002   PAD
    0x08013af0   0x08013af0   0x00000020   Code   RO         1091    i.esp_at_wifi_init  esp_at.o
    0x08013b10   0x08013b10   0x00000060   Code   RO         1092    i.esp_at_write_command  esp_at.o
    0x08013b70   0x08013b70   0x00000024   Code   RO          220    i.fputc             board.o
    0x08013b94   0x08013b94   0x0000017c   Code   RO          276    i.inner_update      loop.o
    0x08013d10   0x08013d10   0x00000012   Code   RO         1240    i.is_gb2312         st7789.o
    0x08013d22   0x08013d22   0x00000002   PAD
    0x08013d24   0x08013d24   0x00000038   Code   RO            4    i.main              main.o
    0x08013d5c   0x08013d5c   0x0000002c   Code   RO            5    i.main_init         main.o
    0x08013d88   0x08013d88   0x00000108   Code   RO          277    i.main_loop_init    loop.o
    0x08013e90   0x08013e90   0x00000046   Code   RO          278    i.main_loop_task    loop.o
    0x08013ed6   0x08013ed6   0x00000002   PAD
    0x08013ed8   0x08013ed8   0x00000150   Code   RO          782    i.main_page_display  main_page.o
    0x08014028   0x08014028   0x000000bc   Code   RO          783    i.main_page_redraw_date  main_page.o
    0x080140e4   0x080140e4   0x0000007c   Code   RO          784    i.main_page_redraw_inner_humidity  main_page.o
    0x08014160   0x08014160   0x0000007c   Code   RO          785    i.main_page_redraw_inner_temperature  main_page.o
    0x080141dc   0x080141dc   0x00000078   Code   RO          786    i.main_page_redraw_outdoor_temperature  main_page.o
    0x08014254   0x08014254   0x000000b8   Code   RO          787    i.main_page_redraw_outdoor_weather_icon  main_page.o
    0x0801430c   0x0801430c   0x00000054   Code   RO          788    i.main_page_redraw_time  main_page.o
    0x08014360   0x08014360   0x00000050   Code   RO          789    i.main_page_redraw_wifi_ssid  main_page.o
    0x080143b0   0x080143b0   0x00000030   Code   RO         1093    i.match_internal_ack  esp_at.o
    0x080143e0   0x080143e0   0x00000024   Code   RO          279    i.mloop_timer_callback  loop.o
    0x08014404   0x08014404   0x0000003c   Code   RO         1094    i.month_str_to_num  esp_at.o
    0x08014440   0x08014440   0x000000f4   Code   RO          280    i.outer_update      loop.o
    0x08014534   0x08014534   0x00000090   Code   RO         1095    i.parse_cipsntptime_response  esp_at.o
    0x080145c4   0x080145c4   0x00000068   Code   RO         1096    i.parse_cwjap_response  esp_at.o
    0x0801462c   0x0801462c   0x00000064   Code   RO         1097    i.parse_cwstate_response  esp_at.o
    0x08014690   0x08014690   0x000001b0   Code   RO          417    i.parse_seniverse_response  weather.o
    0x08014840   0x08014840   0x000000c0   Code   RO         7222    i.prvAddCurrentTaskToDelayedList  tasks.o
    0x08014900   0x08014900   0x000000e4   Code   RO         7223    i.prvAddNewTaskToReadyList  tasks.o
    0x080149e4   0x080149e4   0x00000064   Code   RO         7619    i.prvCheckForValidListAndQueue  timers.o
    0x08014a48   0x08014a48   0x00000048   Code   RO         7224    i.prvCheckTasksWaitingTermination  tasks.o
    0x08014a90   0x08014a90   0x0000002a   Code   RO         6834    i.prvCopyDataFromQueue  queue.o
    0x08014aba   0x08014aba   0x0000007e   Code   RO         6835    i.prvCopyDataToQueue  queue.o
    0x08014b38   0x08014b38   0x00000012   Code   RO         7225    i.prvDeleteTCB      tasks.o
    0x08014b4a   0x08014b4a   0x00000014   Code   RO         6836    i.prvGetDisinheritPriorityAfterTimeout  queue.o
    0x08014b5e   0x08014b5e   0x00000002   PAD
    0x08014b60   0x08014b60   0x00000028   Code   RO         7620    i.prvGetNextExpireTime  timers.o
    0x08014b88   0x08014b88   0x00000070   Code   RO         6468    i.prvHeapInit       heap_4.o
    0x08014bf8   0x08014bf8   0x00000028   Code   RO         7226    i.prvIdleTask       tasks.o
    0x08014c20   0x08014c20   0x0000002a   Code   RO         6838    i.prvInitialiseNewQueue  queue.o
    0x08014c4a   0x08014c4a   0x00000002   PAD
    0x08014c4c   0x08014c4c   0x000000d4   Code   RO         7227    i.prvInitialiseNewTask  tasks.o
    0x08014d20   0x08014d20   0x0000006c   Code   RO         7621    i.prvInitialiseNewTimer  timers.o
    0x08014d8c   0x08014d8c   0x00000068   Code   RO         7228    i.prvInitialiseTaskLists  tasks.o
    0x08014df4   0x08014df4   0x00000068   Code   RO         6469    i.prvInsertBlockIntoFreeList  heap_4.o
    0x08014e5c   0x08014e5c   0x00000058   Code   RO         7622    i.prvInsertTimerInActiveList  timers.o
    0x08014eb4   0x08014eb4   0x0000001a   Code   RO         6839    i.prvIsQueueEmpty   queue.o
    0x08014ece   0x08014ece   0x0000001e   Code   RO         6840    i.prvIsQueueFull    queue.o
    0x08014eec   0x08014eec   0x000000b4   Code   RO         6841    i.prvNotifyQueueSetContainer  queue.o
    0x08014fa0   0x08014fa0   0x00000044   Code   RO         7623    i.prvProcessExpiredTimer  timers.o
    0x08014fe4   0x08014fe4   0x00000130   Code   RO         7624    i.prvProcessReceivedCommands  timers.o
    0x08015114   0x08015114   0x00000074   Code   RO         7625    i.prvProcessTimerOrBlockTask  timers.o
    0x08015188   0x08015188   0x00000028   Code   RO         7626    i.prvReloadTimer    timers.o
    0x080151b0   0x080151b0   0x00000030   Code   RO         7229    i.prvResetNextTaskUnblockTime  tasks.o
    0x080151e0   0x080151e0   0x0000002c   Code   RO         7627    i.prvSampleTimeNow  timers.o
    0x0801520c   0x0801520c   0x00000044   Code   RO         7628    i.prvSwitchTimerLists  timers.o
    0x08015250   0x08015250   0x0000005c   Code   RO         6585    i.prvTaskExitError  port.o
    0x080152ac   0x080152ac   0x0000001a   Code   RO         7629    i.prvTimerTask      timers.o
    0x080152c6   0x080152c6   0x00000090   Code   RO         6842    i.prvUnlockQueue    queue.o
    0x08015356   0x08015356   0x00000002   PAD
    0x08015358   0x08015358   0x00000144   Code   RO         6471    i.pvPortMalloc      heap_4.o
    0x0801549c   0x0801549c   0x00000020   Code   RO         7234    i.pvTaskIncrementMutexHeldCount  tasks.o
    0x080154bc   0x080154bc   0x00000040   Code   RO         7630    i.pvTimerGetTimerID  timers.o
    0x080154fc   0x080154fc   0x0000002c   Code   RO         6586    i.pxPortInitialiseStack  port.o
    0x08015528   0x08015528   0x0000002a   Code   RO          965    i.rtc_get_time      rtc.o
    0x08015552   0x08015552   0x00000028   Code   RO          966    i.rtc_init          rtc.o
    0x0801557a   0x0801557a   0x0000001e   Code   RO          967    i.rtc_set_time      rtc.o
    0x08015598   0x08015598   0x00000060   Code   RO         1241    i.st7789_dma_init   st7789.o
    0x080155f8   0x080155f8   0x00000100   Code   RO         1242    i.st7789_draw_font  st7789.o
    0x080156f8   0x080156f8   0x000000a0   Code   RO         1243    i.st7789_draw_image  st7789.o
    0x08015798   0x08015798   0x00000096   Code   RO         1245    i.st7789_fill_color  st7789.o
    0x0801582e   0x0801582e   0x00000002   PAD
    0x08015830   0x08015830   0x0000005c   Code   RO         1246    i.st7789_init       st7789.o
    0x0801588c   0x0801588c   0x00000190   Code   RO         1247    i.st7789_init_display  st7789.o
    0x08015a1c   0x08015a1c   0x0000002a   Code   RO         1248    i.st7789_int_init   st7789.o
    0x08015a46   0x08015a46   0x00000002   PAD
    0x08015a48   0x08015a48   0x0000007c   Code   RO         1249    i.st7789_io_init    st7789.o
    0x08015ac4   0x08015ac4   0x00000024   Code   RO         1252    i.st7789_reset      st7789.o
    0x08015ae8   0x08015ae8   0x00000014   Code   RO         1253    i.st7789_set_backlight  st7789.o
    0x08015afc   0x08015afc   0x00000060   Code   RO         1254    i.st7789_spi_init   st7789.o
    0x08015b5c   0x08015b5c   0x00000060   Code   RO         1255    i.st7789_write_ascii  st7789.o
    0x08015bbc   0x08015bbc   0x00000078   Code   RO         1256    i.st7789_write_chinese  st7789.o
    0x08015c34   0x08015c34   0x000000b4   Code   RO         1257    i.st7789_write_gram  st7789.o
    0x08015ce8   0x08015ce8   0x00000094   Code   RO         1258    i.st7789_write_register  st7789.o
    0x08015d7c   0x08015d7c   0x00000084   Code   RO         1259    i.st7789_write_string  st7789.o
    0x08015e00   0x08015e00   0x00000038   Code   RO         1379    i.time_delay_init   delay.o
    0x08015e38   0x08015e38   0x00000012   Code   RO         1380    i.time_delay_ms     delay.o
    0x08015e4a   0x08015e4a   0x00000002   PAD
    0x08015e4c   0x08015e4c   0x00000020   Code   RO         1381    i.time_delay_us     delay.o
    0x08015e6c   0x08015e6c   0x00000158   Code   RO          281    i.time_sync         loop.o
    0x08015fc4   0x08015fc4   0x00000050   Code   RO          282    i.time_update       loop.o
    0x08016014   0x08016014   0x00000030   Code   RO          442    i.ui_draw_image     ui.o
    0x08016044   0x08016044   0x00000044   Code   RO          443    i.ui_fill_color     ui.o
    0x08016088   0x08016088   0x0000009c   Code   RO          444    i.ui_func           ui.o
    0x08016124   0x08016124   0x00000050   Code   RO          445    i.ui_init           ui.o
    0x08016174   0x08016174   0x00000054   Code   RO          446    i.ui_write_string   ui.o
    0x080161c8   0x080161c8   0x000000c0   Code   RO         7235    i.ulTaskGenericNotifyTake  tasks.o
    0x08016288   0x08016288   0x00000028   Code   RO         6785    i.uxListRemove      list.o
    0x080162b0   0x080162b0   0x0000000c   Code   RO         7237    i.uxTaskGetNumberOfTasks  tasks.o
    0x080162bc   0x080162bc   0x00000030   Code   RO            6    i.vApplicationMallocFailedHook  main.o
    0x080162ec   0x080162ec   0x0000003c   Code   RO            7    i.vApplicationStackOverflowHook  main.o
    0x08016328   0x08016328   0x00000048   Code   RO            8    i.vAssertCalled     main.o
    0x08016370   0x08016370   0x0000001a   Code   RO         6786    i.vListInitialise   list.o
    0x0801638a   0x0801638a   0x00000006   Code   RO         6787    i.vListInitialiseItem  list.o
    0x08016390   0x08016390   0x00000034   Code   RO         6788    i.vListInsert       list.o
    0x080163c4   0x080163c4   0x00000018   Code   RO         6789    i.vListInsertEnd    list.o
    0x080163dc   0x080163dc   0x00000074   Code   RO         6588    i.vPortEnterCritical  port.o
    0x08016450   0x08016450   0x0000005c   Code   RO         6589    i.vPortExitCritical  port.o
    0x080164ac   0x080164ac   0x0000009c   Code   RO         6472    i.vPortFree         heap_4.o
    0x08016548   0x08016548   0x00000028   Code   RO         6590    i.vPortSetupTimerInterrupt  port.o
    0x08016570   0x08016570   0x00000088   Code   RO         6591    i.vPortValidateInterruptPriority  port.o
    0x080165f8   0x080165f8   0x00000078   Code   RO         6846    i.vQueueAddToRegistry  queue.o
    0x08016670   0x08016670   0x0000004a   Code   RO         6849    i.vQueueWaitForMessageRestricted  queue.o
    0x080166ba   0x080166ba   0x00000002   PAD
    0x080166bc   0x080166bc   0x00000070   Code   RO         7243    i.vTaskDelay        tasks.o
    0x0801672c   0x0801672c   0x00000110   Code   RO         7244    i.vTaskDelete       tasks.o
    0x0801683c   0x0801683c   0x00000018   Code   RO         7247    i.vTaskInternalSetTimeOutState  tasks.o
    0x08016854   0x08016854   0x0000000c   Code   RO         7248    i.vTaskMissedYield  tasks.o
    0x08016860   0x08016860   0x0000004c   Code   RO         7249    i.vTaskPlaceOnEventList  tasks.o
    0x080168ac   0x080168ac   0x00000078   Code   RO         7250    i.vTaskPlaceOnEventListRestricted  tasks.o
    0x08016924   0x08016924   0x00000120   Code   RO         7252    i.vTaskPriorityDisinheritAfterTimeout  tasks.o
    0x08016a44   0x08016a44   0x000000b0   Code   RO         7258    i.vTaskStartScheduler  tasks.o
    0x08016af4   0x08016af4   0x00000010   Code   RO         7260    i.vTaskSuspendAll   tasks.o
    0x08016b04   0x08016b04   0x000000bc   Code   RO         7261    i.vTaskSwitchContext  tasks.o
    0x08016bc0   0x08016bc0   0x00000038   Code   RO         1098    i.weekday_str_to_num  esp_at.o
    0x08016bf8   0x08016bf8   0x00000088   Code   RO          844    i.welcome_page_display  welcome_page.o
    0x08016c80   0x08016c80   0x000000a8   Code   RO          860    i.wifi_page_display  wifi_page.o
    0x08016d28   0x08016d28   0x00000130   Code   RO          283    i.wifi_update       loop.o
    0x08016e58   0x08016e58   0x0000017c   Code   RO         6592    i.xPortStartScheduler  port.o
    0x08016fd4   0x08016fd4   0x0000007c   Code   RO         6854    i.xQueueGenericCreate  queue.o
    0x08017050   0x08017050   0x000000e4   Code   RO         6855    i.xQueueGenericReset  queue.o
    0x08017134   0x08017134   0x000001c8   Code   RO         6856    i.xQueueGenericSend  queue.o
    0x080172fc   0x080172fc   0x00000134   Code   RO         6857    i.xQueueGenericSendFromISR  queue.o
    0x08017430   0x08017430   0x00000110   Code   RO         6858    i.xQueueGiveFromISR  queue.o
    0x08017540   0x08017540   0x00000164   Code   RO         6864    i.xQueueReceive     queue.o
    0x080176a4   0x080176a4   0x00000190   Code   RO         6869    i.xQueueSemaphoreTake  queue.o
    0x08017834   0x08017834   0x00000098   Code   RO         7263    i.xTaskCheckForTimeOut  tasks.o
    0x080178cc   0x080178cc   0x00000068   Code   RO         7264    i.xTaskCreate       tasks.o
    0x08017934   0x08017934   0x000001c0   Code   RO         7266    i.xTaskGenericNotify  tasks.o
    0x08017af4   0x08017af4   0x00000020   Code   RO         7273    i.xTaskGetSchedulerState  tasks.o
    0x08017b14   0x08017b14   0x0000000c   Code   RO         7274    i.xTaskGetTickCount  tasks.o
    0x08017b20   0x08017b20   0x000001d0   Code   RO         7276    i.xTaskIncrementTick  tasks.o
    0x08017cf0   0x08017cf0   0x000000f8   Code   RO         7277    i.xTaskPriorityDisinherit  tasks.o
    0x08017de8   0x08017de8   0x000000ec   Code   RO         7278    i.xTaskPriorityInherit  tasks.o
    0x08017ed4   0x08017ed4   0x00000134   Code   RO         7279    i.xTaskRemoveFromEventList  tasks.o
    0x08018008   0x08018008   0x0000018c   Code   RO         7280    i.xTaskResumeAll    tasks.o
    0x08018194   0x08018194   0x00000036   Code   RO         7634    i.xTimerCreate      timers.o
    0x080181ca   0x080181ca   0x00000002   PAD
    0x080181cc   0x080181cc   0x00000068   Code   RO         7635    i.xTimerCreateTimerTask  timers.o
    0x08018234   0x08018234   0x00000098   Code   RO         7636    i.xTimerGenericCommand  timers.o
    0x080182cc   0x080182cc   0x00000810   Data   RO          506    .constdata          font16_maple.o
    0x08018adc   0x08018adc   0x000001f8   Data   RO          520    .constdata          font24_maple_bold.o
    0x08018cd4   0x08018cd4   0x000014b8   Data   RO          534    .constdata          font24_maple.o
    0x0801a18c   0x0801a18c   0x00001ec0   Data   RO          548    .constdata          font32_maple_bold.o
    0x0801c04c   0x0801c04c   0x00000964   Data   RO          575    .constdata          font54_maple_medium.o
    0x0801c9b0   0x0801c9b0   0x00000ac4   Data   RO          588    .constdata          font62_maple_bold.o
    0x0801d474   0x0801d474   0x000011f0   Data   RO          601    .constdata          font76_maple_bold.o
    0x0801e664   0x0801e664   0x000016d0   Data   RO          614    .constdata          icon_duoyun.o
    0x0801fd34   0x0801fd34   0x000016d0   Data   RO          627    .constdata          icon_leizhenyu.o
    0x08021404   0x08021404   0x000016d0   Data   RO          640    .constdata          icon_qing.o
    0x08022ad4   0x08022ad4   0x00000868   Data   RO          653    .constdata          icon_wenduji.o
    0x0802333c   0x0802333c   0x00000488   Data   RO          666    .constdata          icon_wifi.o
    0x080237c4   0x080237c4   0x000016d0   Data   RO          679    .constdata          icon_yintian.o
    0x08024e94   0x08024e94   0x000016d0   Data   RO          692    .constdata          icon_yueliang.o
    0x08026564   0x08026564   0x000016d0   Data   RO          705    .constdata          icon_zhongxue.o
    0x08027c34   0x08027c34   0x000016d0   Data   RO          718    .constdata          icon_zhongyu.o
    0x08029304   0x08029304   0x0000c808   Data   RO          731    .constdata          img_error.o
    0x08035b0c   0x08035b0c   0x0000fd28   Data   RO          744    .constdata          img_meihua.o
    0x08045834   0x08045834   0x0000e6a8   Data   RO          757    .constdata          img_wifi.o
    0x08053edc   0x08053edc   0x00000013   Data   RO          790    .constdata          main_page.o
    0x08053eef   0x08053eef   0x00000001   PAD
    0x08053ef0   0x08053ef0   0x0000006c   Data   RO         1101    .constdata          esp_at.o
    0x08053f5c   0x08053f5c   0x00000040   Data   RO         8138    .constdata          mc_w.l(ctype_c.o)
    0x08053f9c   0x08053f9c   0x00000089   Data   RO          285    .conststring        loop.o
    0x08054025   0x08054025   0x00000003   PAD
    0x08054028   0x08054028   0x00000033   Data   RO          507    .conststring        font16_maple.o
    0x0805405b   0x0805405b   0x00000001   PAD
    0x0805405c   0x0805405c   0x00000007   Data   RO          521    .conststring        font24_maple_bold.o
    0x08054063   0x08054063   0x00000001   PAD
    0x08054064   0x08054064   0x0000002f   Data   RO          549    .conststring        font32_maple_bold.o
    0x08054093   0x08054093   0x00000001   PAD
    0x08054094   0x08054094   0x00000074   Data   RO         1102    .conststring        esp_at.o
    0x08054108   0x08054108   0x00000020   Data   RO         8142    Region$$Table       anon$$obj.o


    Execution Region RW_IRAM1 (Exec base: 0x20000000, Load base: 0x08054128, Size: 0x0001a870, Max: 0x00020000, ABSOLUTE, COMPRESSED[0x00000034])

    Exec Addr    Load Addr    Size         Type   Attr      Idx    E Section Name        Object

    0x20000000   COMPRESSED   0x00000038   Data   RW          286    .data               loop.o
    0x20000038   COMPRESSED   0x00000010   Data   RW          377    .data               esp32c3.o
    0x20000048   COMPRESSED   0x00000004   Data   RW          447    .data               ui.o
    0x2000004c   COMPRESSED   0x00000010   Data   RW          792    .data               main_page.o
    0x2000005c   COMPRESSED   0x00000010   Data   RW          862    .data               wifi_page.o
    0x2000006c   COMPRESSED   0x00000008   Data   RW          887    .data               console.o
    0x20000074   COMPRESSED   0x00000010   Data   RW         1103    .data               esp_at.o
    0x20000084   COMPRESSED   0x00000004   Data   RW         1261    .data               st7789.o
    0x20000088   COMPRESSED   0x00000014   Data   RW         1425    .data               system_stm32f4xx.o
    0x2000009c   COMPRESSED   0x00000010   Data   RW         4317    .data               stm32f4xx_rcc.o
    0x200000ac   COMPRESSED   0x0000001c   Data   RW         6478    .data               heap_4.o
    0x200000c8   COMPRESSED   0x0000000c   Data   RW         6593    .data               port.o
    0x200000d4   COMPRESSED   0x00000040   Data   RW         7283    .data               tasks.o
    0x20000114   COMPRESSED   0x00000014   Data   RW         7643    .data               timers.o
    0x20000128   COMPRESSED   0x00000004   Data   RW         8086    .data               mc_w.l(stdout.o)
    0x2000012c   COMPRESSED   0x00000004   Data   RW         8094    .data               mc_w.l(errno.o)
    0x20000130        -       0x00000118   Zero   RW          284    .bss                loop.o
    0x20000248        -       0x00000400   Zero   RW         1100    .bss                esp_at.o
    0x20000648        -       0x00002880   Zero   RW         1260    .bss                st7789.o
    0x20002ec8        -       0x00016800   Zero   RW         6477    .bss                heap_4.o
    0x200196c8        -       0x00000050   Zero   RW         6871    .bss                queue.o
    0x20019718        -       0x0000012c   Zero   RW         7282    .bss                tasks.o
    0x20019844        -       0x00000028   Zero   RW         7642    .bss                timers.o
    0x2001986c   COMPRESSED   0x00000004   PAD
    0x20019870        -       0x00001000   Zero   RW         1412    STACK               startup_stm32f40_41xxx.o


==============================================================================

Image component sizes


      Code (inc. data)   RO Data    RW Data    ZI Data      Debug   Object Name

       902         64          0          0          0       7325   aht20.o
       244         62          0          0          0       3639   board.o
       470         52          0          8          0       4701   console.o
       106         10          0          0          0       1706   delay.o
       100         22          0          0          0       1141   error_page.o
       492        298          0         16          0       1589   esp32c3.o
      1824        518        224         16       1024      16551   esp_at.o
         0          0          0          0          0      12204   event_groups.o
         0          0       2115          0          0       1691   font16_maple.o
         0          0       5304          0          0       1691   font24_maple.o
         0          0        511          0          0       1663   font24_maple_bold.o
         0          0       7919          0          0       1703   font32_maple_bold.o
         0          0       2404          0          0       1675   font54_maple_medium.o
         0          0       2756          0          0       1671   font62_maple_bold.o
         0          0       4592          0          0       1671   font76_maple_bold.o
       696        138          0         28      92160       7715   heap_4.o
         0          0       5840          0          0       1568   icon_duoyun.o
         0          0       5840          0          0       1580   icon_leizhenyu.o
         0          0       5840          0          0       1560   icon_qing.o
         0          0       2152          0          0       1568   icon_wenduji.o
         0          0       1160          0          0       1560   icon_wifi.o
         0          0       5840          0          0       1568   icon_yintian.o
         0          0       5840          0          0       1576   icon_yueliang.o
         0          0       5840          0          0       1576   icon_zhongxue.o
         0          0       5840          0          0       1568   icon_zhongyu.o
         0          0      51208          0          0       1560   img_error.o
         0          0      64808          0          0       1564   img_meihua.o
         0          0      59048          0          0       1556   img_wifi.o
       148          0          0          0          0       3726   list.o
      1722        664        137         56        280      21329   loop.o
       280        102          0          0          0     350940   main.o
      1240        232         19         16          0       6923   main_page.o
       140         24          0          0          0       1811   misc.o
      1142        296          0         12          0      11369   port.o
      2948        320          0          0         80      20740   queue.o
       274          0          0          0          0       3513   rtc.o
      2328        200          0          4      10368      15255   st7789.o
        36          8        392          0       4096        900   startup_stm32f40_41xxx.o
       406         52          0          0          0       6119   stm32f4xx_dma.o
       254          0          0          0          0       4481   stm32f4xx_gpio.o
       424         14          0          0          0       6691   stm32f4xx_i2c.o
        12          6          0          0          0        578   stm32f4xx_pwr.o
       400         52          0         16          0       6246   stm32f4xx_rcc.o
       950         56          0          0          0       9834   stm32f4xx_rtc.o
       166          0          0          0          0       5147   stm32f4xx_spi.o
       168         28          0          0          0       3270   stm32f4xx_tim.o
       510          8          0          0          0       7929   stm32f4xx_usart.o
       344         38          0         20          0       2189   system_stm32f4xx.o
      4834        948          0         64        300      39975   tasks.o
      1376        274          0         20         40      15118   timers.o
       436         68          0          4          0       8675   ui.o
       432        186          0          0          0       1867   weather.o
       136         36          0          0          0       1007   welcome_page.o
       168         34          0         16          0       1540   wifi_page.o

    ----------------------------------------------------------------------
     26154       4810     245668        296     108352     644312   Object Totals
         0          0         32          0          0          0   (incl. Generated)
        46          0          7          0          4          0   (incl. Padding)

    ----------------------------------------------------------------------

      Code (inc. data)   RO Data    RW Data    ZI Data      Debug   Library Member Name

        56         12          0          0          0        132   atof.o
        56          8          0          0          0         84   __0sscanf.o
        86          0          0          0          0          0   __dczerorl2.o
        28          0          0          0          0         68   _chval.o
       816          6          0          0          0        112   _scanf.o
       332          0          0          0          0         96   _scanf_int.o
       224          0          0          0          0         96   _scanf_str.o
        64          0          0          0          0         84   _sgetc.o
        40          6         64          0          0         68   ctype_c.o
         0          0          0          0          0          0   entry.o
         0          0          0          0          0          0   entry10a.o
         0          0          0          0          0          0   entry11a.o
         4          0          0          0          0          0   entry12b.o
         8          4          0          0          0          0   entry2.o
         4          0          0          0          0          0   entry5.o
         0          0          0          0          0          0   entry7b.o
         0          0          0          0          0          0   entry8b.o
         8          4          0          0          0          0   entry9a.o
        24         12          0          4          0        136   errno.o
        30          0          0          0          0          0   handlers.o
        36          8          0          0          0         68   init.o
        10          0          0          0          0         68   isspace_c.o
         0          0          0          0          0          0   iusefp.o
        30          0          0          0          0         68   llshl.o
        36          0          0          0          0         68   llsshr.o
        32          0          0          0          0         68   llushr.o
        26          0          0          0          0         80   memcmp.o
        36          0          0          0          0         68   memcpya.o
        36          0          0          0          0        108   memseta.o
      2292         94          0          0          0        620   printfa.o
        40          8          0          0          0         84   scanf_char.o
       878         12          0          0          0        216   scanf_fp.o
         0          0          0          4          0          0   stdout.o
        28          0          0          0          0         76   strcmp.o
        14          0          0          0          0         68   strlen.o
        24          0          0          0          0         76   strncpy.o
        36          0          0          0          0         80   strstr.o
       156         12          0          0          0        120   strtod.o
        44          0          0          0          0         80   uidiv.o
        98          0          0          0          0         92   uldiv.o
        48          0          0          0          0         68   cdrcmple.o
        56          0          0          0          0         88   d2f.o
       334          0          0          0          0        148   dadd.o
       222          0          0          0          0        100   ddiv.o
       186          0          0          0          0        176   depilogue.o
        48          0          0          0          0         68   dfixul.o
        24          0          0          0          0         76   dfltul.o
       228          0          0          0          0         96   dmul.o
        38          0          0          0          0         68   f2d.o
       110          0          0          0          0        168   fepilogue.o

    ----------------------------------------------------------------------
      6938        186         64          8          0       4040   Library Totals
        12          0          0          0          0          0   (incl. Padding)

    ----------------------------------------------------------------------

      Code (inc. data)   RO Data    RW Data    ZI Data      Debug   Library Name

        56         12          0          0          0        132   m_wm.l
      5576        174         64          8          0       2852   mc_w.l
      1294          0          0          0          0       1056   mf_w.l

    ----------------------------------------------------------------------
      6938        186         64          8          0       4040   Library Totals

    ----------------------------------------------------------------------

==============================================================================


      Code (inc. data)   RO Data    RW Data    ZI Data      Debug   

     33092       4996     245732        304     108352     622056   Grand Totals
     33092       4996     245732         52     108352     622056   ELF Image Totals (compressed)
     33092       4996     245732         52          0          0   ROM Totals

==============================================================================

    Total RO  Size (Code + RO Data)               278824 ( 272.29kB)
    Total RW  Size (RW Data + ZI Data)            108656 ( 106.11kB)
    Total ROM Size (Code + RO Data + RW Data)     278876 ( 272.34kB)

==============================================================================

