<html>
<body>
<pre>
<h1>µVision Build Log</h1>
<h2>Tool Versions:</h2>
IDE-Version: ¦ÌVision V5.37.0.0
Copyright (C) 2022 ARM Ltd and ARM Germany GmbH. All rights reserved.
License Information: 1 DELL, 1, LIC=NHYH9-4CV83-YDXK5-GCF9U-W9ZMA-7QGDI
 
Tool Versions:
Toolchain:       MDK-ARM Professional  Version: 5.37.0.0
Toolchain Path:  F:\yingjiansheji\Keil\Core\ARM\ARMCC\Bin
C Compiler:      Armcc.exe V5.06 update 7 (build 960)
Assembler:       Armasm.exe V5.06 update 7 (build 960)
Linker/Locator:  ArmLink.exe V5.06 update 7 (build 960)
Library Manager: ArmAr.exe V5.06 update 7 (build 960)
Hex Converter:   FromElf.exe V5.06 update 7 (build 960)
CPU DLL:         SARMCM3.DLL V5.37.0.0
Dialog DLL:      DCM.DLL V1.17.5.0
Target DLL:      CMSIS_AGDI.dll V1.33.12.0
Dialog DLL:      TCM.DLL V1.56.1.0
 
<h2>Project:</h2>
F:\yingjiansheji\STM32project\Projects\Smare Clock_FreeRTOS\STM32F4_WT_Project\mdk\stm32f407.uvprojx
Project File Date:  03/12/2026

<h2>Output:</h2>
*** Using Compiler 'V5.06 update 7 (build 960)', folder: 'F:\yingjiansheji\Keil\Core\ARM\ARMCC\Bin'
Rebuild target 'stm32f407'
compiling font24_maple_bold.c...
compiling font42_maple.c...
compiling font32_maple_bold.c...
compiling weather.c...
compiling font16_maple.c...
compiling font24_maple.c...
compiling font54_maple_medium.c...
compiling font62_maple_bold.c...
compiling font76_maple_bold.c...
compiling icon_duoyun.c...
compiling icon_leizhenyu.c...
compiling icon_qing.c...
compiling main.c...
compiling board.c...
compiling icon_wenduji.c...
compiling icon_wifi.c...
compiling icon_yintian.c...
compiling esp32c3.c...
compiling loop.c...
compiling ui.c...
compiling icon_yueliang.c...
compiling icon_zhongxue.c...
compiling icon_zhongyu.c...
compiling img_error.c...
compiling img_meihua.c...
compiling error_page.c...
compiling img_wifi.c...
compiling main_page.c...
compiling welcome_page.c...
compiling wifi_page.c...
assembling startup_stm32f40_41xxx.s...
compiling rtc.c...
compiling console.c...
compiling aht20.c...
compiling esp_at.c...
compiling delay.c...
compiling st7789.c...
compiling misc.c...
compiling system_stm32f4xx.c...
compiling stm32f4xx_adc.c...
compiling stm32f4xx_cec.c...
compiling stm32f4xx_can.c...
compiling stm32f4xx_crc.c...
compiling stm32f4xx_cryp.c...
compiling stm32f4xx_cryp_aes.c...
compiling stm32f4xx_cryp_des.c...
compiling stm32f4xx_cryp_tdes.c...
compiling stm32f4xx_dac.c...
compiling stm32f4xx_dbgmcu.c...
compiling stm32f4xx_dcmi.c...
compiling stm32f4xx_dfsdm.c...
compiling stm32f4xx_dma.c...
compiling stm32f4xx_dsi.c...
compiling stm32f4xx_dma2d.c...
compiling stm32f4xx_exti.c...
compiling stm32f4xx_flash_ramfunc.c...
compiling stm32f4xx_fmpi2c.c...
compiling stm32f4xx_flash.c...
compiling stm32f4xx_fsmc.c...
compiling stm32f4xx_hash.c...
compiling stm32f4xx_gpio.c...
compiling stm32f4xx_hash_md5.c...
compiling stm32f4xx_hash_sha1.c...
compiling stm32f4xx_iwdg.c...
compiling stm32f4xx_i2c.c...
compiling stm32f4xx_lptim.c...
compiling stm32f4xx_qspi.c...
compiling stm32f4xx_ltdc.c...
compiling stm32f4xx_pwr.c...
compiling stm32f4xx_rng.c...
compiling stm32f4xx_rcc.c...
compiling stm32f4xx_sai.c...
compiling stm32f4xx_rtc.c...
compiling stm32f4xx_sdio.c...
compiling stm32f4xx_spdifrx.c...
compiling stm32f4xx_spi.c...
compiling stm32f4xx_syscfg.c...
compiling stm32f4xx_usart.c...
compiling stm32f4xx_tim.c...
compiling stm32f4xx_wwdg.c...
compiling heap_4.c...
compiling mpu_wrappers.c...
compiling croutine.c...
compiling port.c...
compiling event_groups.c...
compiling list.c...
compiling stream_buffer.c...
compiling queue.c...
compiling timers.c...
compiling tasks.c...
linking...
Program Size: Code=33092 RO-data=245732 RW-data=304 ZI-data=108352  
After Build - User command #1: fromelf.exe --bin -o "F:\yingjiansheji\STM32project\Projects\Smare Clock_FreeRTOS\STM32F4_WT_Project\mdk\Objects\stm32f407.bin" "F:\yingjiansheji\STM32project\Projects\Smare Clock_FreeRTOS\STM32F4_WT_Project\mdk\Objects\stm32f407.axf"
".\Objects\stm32f407.axf" - 0 Error(s), 0 Warning(s).

<h2>Software Packages used:</h2>

Package Vendor: Keil
                https://www.keil.com/pack/Keil.STM32F4xx_DFP.3.0.0.pack
                Keil.STM32F4xx_DFP.3.0.0
                STMicroelectronics STM32F4 Series Device Support

<h2>Collection of Component include folders:</h2>

<h2>Collection of Component Files used:</h2>
Build Time Elapsed:  00:00:10
</pre>
</body>
</html>
